Archive member included to satisfy reference by file (symbol)

D:/App/cubeide/data/STM32CubeIDE_1.18.1/STM32CubeIDE/plugins/com.st.stm32cube.ide.mcu.externaltools.gnu-tools-for-stm32.13.3.rel1.win32_1.0.0.202411081344/tools/bin/../lib/gcc/arm-none-eabi/13.3.1/../../../../arm-none-eabi/lib/thumb/v7-m/nofp\libc_nano.a(libc_a-exit.o)
                              D:/App/cubeide/data/STM32CubeIDE_1.18.1/STM32CubeIDE/plugins/com.st.stm32cube.ide.mcu.externaltools.gnu-tools-for-stm32.13.3.rel1.win32_1.0.0.202411081344/tools/bin/../lib/gcc/arm-none-eabi/13.3.1/../../../../arm-none-eabi/lib/thumb/v7-m/nofp/crt0.o (exit)
D:/App/cubeide/data/STM32CubeIDE_1.18.1/STM32CubeIDE/plugins/com.st.stm32cube.ide.mcu.externaltools.gnu-tools-for-stm32.13.3.rel1.win32_1.0.0.202411081344/tools/bin/../lib/gcc/arm-none-eabi/13.3.1/../../../../arm-none-eabi/lib/thumb/v7-m/nofp\libc_nano.a(libc_a-findfp.o)
                              D:/App/cubeide/data/STM32CubeIDE_1.18.1/STM32CubeIDE/plugins/com.st.stm32cube.ide.mcu.externaltools.gnu-tools-for-stm32.13.3.rel1.win32_1.0.0.202411081344/tools/bin/../lib/gcc/arm-none-eabi/13.3.1/../../../../arm-none-eabi/lib/thumb/v7-m/nofp\libc_nano.a(libc_a-exit.o) (__stdio_exit_handler)
D:/App/cubeide/data/STM32CubeIDE_1.18.1/STM32CubeIDE/plugins/com.st.stm32cube.ide.mcu.externaltools.gnu-tools-for-stm32.13.3.rel1.win32_1.0.0.202411081344/tools/bin/../lib/gcc/arm-none-eabi/13.3.1/../../../../arm-none-eabi/lib/thumb/v7-m/nofp\libc_nano.a(libc_a-fwalk.o)
                              D:/App/cubeide/data/STM32CubeIDE_1.18.1/STM32CubeIDE/plugins/com.st.stm32cube.ide.mcu.externaltools.gnu-tools-for-stm32.13.3.rel1.win32_1.0.0.202411081344/tools/bin/../lib/gcc/arm-none-eabi/13.3.1/../../../../arm-none-eabi/lib/thumb/v7-m/nofp\libc_nano.a(libc_a-findfp.o) (_fwalk_sglue)
D:/App/cubeide/data/STM32CubeIDE_1.18.1/STM32CubeIDE/plugins/com.st.stm32cube.ide.mcu.externaltools.gnu-tools-for-stm32.13.3.rel1.win32_1.0.0.202411081344/tools/bin/../lib/gcc/arm-none-eabi/13.3.1/../../../../arm-none-eabi/lib/thumb/v7-m/nofp\libc_nano.a(libc_a-stdio.o)
                              D:/App/cubeide/data/STM32CubeIDE_1.18.1/STM32CubeIDE/plugins/com.st.stm32cube.ide.mcu.externaltools.gnu-tools-for-stm32.13.3.rel1.win32_1.0.0.202411081344/tools/bin/../lib/gcc/arm-none-eabi/13.3.1/../../../../arm-none-eabi/lib/thumb/v7-m/nofp\libc_nano.a(libc_a-findfp.o) (__sread)
D:/App/cubeide/data/STM32CubeIDE_1.18.1/STM32CubeIDE/plugins/com.st.stm32cube.ide.mcu.externaltools.gnu-tools-for-stm32.13.3.rel1.win32_1.0.0.202411081344/tools/bin/../lib/gcc/arm-none-eabi/13.3.1/../../../../arm-none-eabi/lib/thumb/v7-m/nofp\libc_nano.a(libc_a-memset.o)
                              D:/App/cubeide/data/STM32CubeIDE_1.18.1/STM32CubeIDE/plugins/com.st.stm32cube.ide.mcu.externaltools.gnu-tools-for-stm32.13.3.rel1.win32_1.0.0.202411081344/tools/bin/../lib/gcc/arm-none-eabi/13.3.1/../../../../arm-none-eabi/lib/thumb/v7-m/nofp/crt0.o (memset)
D:/App/cubeide/data/STM32CubeIDE_1.18.1/STM32CubeIDE/plugins/com.st.stm32cube.ide.mcu.externaltools.gnu-tools-for-stm32.13.3.rel1.win32_1.0.0.202411081344/tools/bin/../lib/gcc/arm-none-eabi/13.3.1/../../../../arm-none-eabi/lib/thumb/v7-m/nofp\libc_nano.a(libc_a-closer.o)
                              D:/App/cubeide/data/STM32CubeIDE_1.18.1/STM32CubeIDE/plugins/com.st.stm32cube.ide.mcu.externaltools.gnu-tools-for-stm32.13.3.rel1.win32_1.0.0.202411081344/tools/bin/../lib/gcc/arm-none-eabi/13.3.1/../../../../arm-none-eabi/lib/thumb/v7-m/nofp\libc_nano.a(libc_a-stdio.o) (_close_r)
D:/App/cubeide/data/STM32CubeIDE_1.18.1/STM32CubeIDE/plugins/com.st.stm32cube.ide.mcu.externaltools.gnu-tools-for-stm32.13.3.rel1.win32_1.0.0.202411081344/tools/bin/../lib/gcc/arm-none-eabi/13.3.1/../../../../arm-none-eabi/lib/thumb/v7-m/nofp\libc_nano.a(libc_a-reent.o)
                              D:/App/cubeide/data/STM32CubeIDE_1.18.1/STM32CubeIDE/plugins/com.st.stm32cube.ide.mcu.externaltools.gnu-tools-for-stm32.13.3.rel1.win32_1.0.0.202411081344/tools/bin/../lib/gcc/arm-none-eabi/13.3.1/../../../../arm-none-eabi/lib/thumb/v7-m/nofp\libc_nano.a(libc_a-closer.o) (errno)
D:/App/cubeide/data/STM32CubeIDE_1.18.1/STM32CubeIDE/plugins/com.st.stm32cube.ide.mcu.externaltools.gnu-tools-for-stm32.13.3.rel1.win32_1.0.0.202411081344/tools/bin/../lib/gcc/arm-none-eabi/13.3.1/../../../../arm-none-eabi/lib/thumb/v7-m/nofp\libc_nano.a(libc_a-impure.o)
                              D:/App/cubeide/data/STM32CubeIDE_1.18.1/STM32CubeIDE/plugins/com.st.stm32cube.ide.mcu.externaltools.gnu-tools-for-stm32.13.3.rel1.win32_1.0.0.202411081344/tools/bin/../lib/gcc/arm-none-eabi/13.3.1/../../../../arm-none-eabi/lib/thumb/v7-m/nofp\libc_nano.a(libc_a-reent.o) (_impure_ptr)
D:/App/cubeide/data/STM32CubeIDE_1.18.1/STM32CubeIDE/plugins/com.st.stm32cube.ide.mcu.externaltools.gnu-tools-for-stm32.13.3.rel1.win32_1.0.0.202411081344/tools/bin/../lib/gcc/arm-none-eabi/13.3.1/../../../../arm-none-eabi/lib/thumb/v7-m/nofp\libc_nano.a(libc_a-lseekr.o)
[...]
Memory Configuration

Name             Origin             Length             Attributes
RAM              0x20000000         0x00005000         xrw
FLASH            0x08000000         0x00010000         xr
*default*        0x00000000         0xffffffff

Linker script and memory map

LOAD D:/App/cubeide/data/STM32CubeIDE_1.18.1/STM32CubeIDE/plugins/com.st.stm32cube.ide.mcu.externaltools.gnu-tools-for-stm32.13.3.rel1.win32_1.0.0.202411081344/tools/bin/../lib/gcc/arm-none-eabi/13.3.1/thumb/v7-m/nofp/crti.o
LOAD D:/App/cubeide/data/STM32CubeIDE_1.18.1/STM32CubeIDE/plugins/com.st.stm32cube.ide.mcu.externaltools.gnu-tools-for-stm32.13.3.rel1.win32_1.0.0.202411081344/tools/bin/../lib/gcc/arm-none-eabi/13.3.1/thumb/v7-m/nofp/crtbegin.o
LOAD D:/App/cubeide/data/STM32CubeIDE_1.18.1/STM32CubeIDE/plugins/com.st.stm32cube.ide.mcu.externaltools.gnu-tools-for-stm32.13.3.rel1.win32_1.0.0.202411081344/tools/bin/../lib/gcc/arm-none-eabi/13.3.1/../../../../arm-none-eabi/lib/thumb/v7-m/nofp/crt0.o
LOAD ./Core/Src/bmp180_for_stm32_hal.o
LOAD ./Core/Src/main.o
LOAD ./Core/Src/stm32f1xx_hal_msp.o
LOAD ./Core/Src/stm32f1xx_it.o
LOAD ./Core/Src/syscalls.o
LOAD ./Core/Src/sysmem.o
LOAD ./Core/Src/system_stm32f1xx.o
LOAD ./Core/Startup/startup_stm32f103c8tx.o
LOAD ./Drivers/STM32F1xx_HAL_Driver/Src/stm32f1xx_hal.o
LOAD ./Drivers/STM32F1xx_HAL_Driver/Src/stm32f1xx_hal_cortex.o
LOAD ./Drivers/STM32F1xx_HAL_Driver/Src/stm32f1xx_hal_dma.o
LOAD ./Drivers/STM32F1xx_HAL_Driver/Src/stm32f1xx_hal_exti.o
LOAD ./Drivers/STM32F1xx_HAL_Driver/Src/stm32f1xx_hal_flash.o
LOAD ./Drivers/STM32F1xx_HAL_Driver/Src/stm32f1xx_hal_flash_ex.o
LOAD ./Drivers/STM32F1xx_HAL_Driver/Src/stm32f1xx_hal_gpio.o
LOAD ./Drivers/STM32F1xx_HAL_Driver/Src/stm32f1xx_hal_gpio_ex.o
LOAD ./Drivers/STM32F1xx_HAL_Driver/Src/stm32f1xx_hal_i2c.o
LOAD ./Drivers/STM32F1xx_HAL_Driver/Src/stm32f1xx_hal_pwr.o
LOAD ./Drivers/STM32F1xx_HAL_Driver/Src/stm32f1xx_hal_rcc.o
LOAD ./Drivers/STM32F1xx_HAL_Driver/Src/stm32f1xx_hal_rcc_ex.o
LOAD ./Drivers/STM32F1xx_HAL_Driver/Src/stm32f1xx_hal_uart.o
START GROUP
LOAD D:/App/cubeide/data/STM32CubeIDE_1.18.1/STM32CubeIDE/plugins/com.st.stm32cube.ide.mcu.externaltools.gnu-tools-for-stm32.13.3.rel1.win32_1.0.0.202411081344/tools/bin/../lib/gcc/arm-none-eabi/13.3.1/../../../../arm-none-eabi/lib/thumb/v7-m/nofp\libc_nano.a
LOAD D:/App/cubeide/data/STM32CubeIDE_1.18.1/STM32CubeIDE/plugins/com.st.stm32cube.ide.mcu.externaltools.gnu-tools-for-stm32.13.3.rel1.win32_1.0.0.202411081344/tools/bin/../lib/gcc/arm-none-eabi/13.3.1/../../../../arm-none-eabi/lib/thumb/v7-m/nofp\libm.a
END GROUP
START GROUP
LOAD D:/App/cubeide/data/STM32CubeIDE_1.18.1/STM32CubeIDE/plugins/com.st.stm32cube.ide.mcu.externaltools.gnu-tools-for-stm32.13.3.rel1.win32_1.0.0.202411081344/tools/bin/../lib/gcc/arm-none-eabi/13.3.1/thumb/v7-m/nofp\libgcc.a
LOAD D:/App/cubeide/data/STM32CubeIDE_1.18.1/STM32CubeIDE/plugins/com.st.stm32cube.ide.mcu.externaltools.gnu-tools-for-stm32.13.3.rel1.win32_1.0.0.202411081344/tools/bin/../lib/gcc/arm-none-eabi/13.3.1/../../../../arm-none-eabi/lib/thumb/v7-m/nofp\libc_nano.a
END GROUP
START GROUP
LOAD D:/App/cubeide/data/STM32CubeIDE_1.18.1/STM32CubeIDE/plugins/com.st.stm32cube.ide.mcu.externaltools.gnu-tools-for-stm32.13.3.rel1.win32_1.0.0.202411081344/tools/bin/../lib/gcc/arm-none-eabi/13.3.1/thumb/v7-m/nofp\libgcc.a
LOAD D:/App/cubeide/data/STM32CubeIDE_1.18.1/STM32CubeIDE/plugins/com.st.stm32cube.ide.mcu.externaltools.gnu-tools-for-stm32.13.3.rel1.win32_1.0.0.202411081344/tools/bin/../lib/gcc/arm-none-eabi/13.3.1/../../../../arm-none-eabi/lib/thumb/v7-m/nofp\libc_nano.a
LOAD D:/App/cubeide/data/STM32CubeIDE_1.18.1/STM32CubeIDE/plugins/com.st.stm32cube.ide.mcu.externaltools.gnu-tools-for-stm32.13.3.rel1.win32_1.0.0.202411081344/tools/bin/../lib/gcc/arm-none-eabi/13.3.1/../../../../arm-none-eabi/lib/thumb/v7-m/nofp\libnosys.a
END GROUP
START GROUP
LOAD D:/App/cubeide/data/STM32CubeIDE_1.18.1/STM32CubeIDE/plugins/com.st.stm32cube.ide.mcu.externaltools.gnu-tools-for-stm32.13.3.rel1.win32_1.0.0.202411081344/tools/bin/../lib/gcc/arm-none-eabi/13.3.1/thumb/v7-m/nofp\libgcc.a
LOAD D:/App/cubeide/data/STM32CubeIDE_1.18.1/STM32CubeIDE/plugins/com.st.stm32cube.ide.mcu.externaltools.gnu-tools-for-stm32.13.3.rel1.win32_1.0.0.202411081344/tools/bin/../lib/gcc/arm-none-eabi/13.3.1/../../../../arm-none-eabi/lib/thumb/v7-m/nofp\libc_nano.a
LOAD D:/App/cubeide/data/STM32CubeIDE_1.18.1/STM32CubeIDE/plugins/com.st.stm32cube.ide.mcu.externaltools.gnu-tools-for-stm32.13.3.rel1.win32_1.0.0.202411081344/tools/bin/../lib/gcc/arm-none-eabi/13.3.1/../../../../arm-none-eabi/lib/thumb/v7-m/nofp\libnosys.a
END GROUP
LOAD D:/App/cubeide/data/STM32CubeIDE_1.18.1/STM32CubeIDE/plugins/com.st.stm32cube.ide.mcu.externaltools.gnu-tools-for-stm32.13.3.rel1.win32_1.0.0.202411081344/tools/bin/../lib/gcc/arm-none-eabi/13.3.1/thumb/v7-m/nofp/crtend.o
LOAD D:/App/cubeide/data/STM32CubeIDE_1.18.1/STM32CubeIDE/plugins/com.st.stm32cube.ide.mcu.externaltools.gnu-tools-for-stm32.13.3.rel1.win32_1.0.0.202411081344/tools/bin/../lib/gcc/arm-none-eabi/13.3.1/thumb/v7-m/nofp/crtn.o
                0x20005000                        _estack = (ORIGIN (RAM) + LENGTH (RAM))
                0x00000200                        _Min_Heap_Size = 0x200
                0x00000400                        _Min_Stack_Size = 0x400

.isr_vector     0x08000000      0x10c
                0x08000000                        . = ALIGN (0x4)
 *(.isr_vector)
 .isr_vector    0x08000000      0x10c ./Core/Startup/startup_stm32f103c8tx.o
                0x08000000                g_pfnVectors
                0x0800010c                        . = ALIGN (0x4)

.text           0x0800010c     0x2b84
                0x0800010c                        . = ALIGN (0x4)
 *(.text)
 .text          0x0800010c       0x40 D:/App/cubeide/data/STM32CubeIDE_1.18.1/STM32CubeIDE/plugins/com.st.stm32cube.ide.mcu.externaltools.gnu-tools-for-stm32.13.3.rel1.win32_1.0.0.202411081344/tools/bin/../lib/gcc/arm-none-eabi/13.3.1/thumb/v7-m/nofp/crtbegin.o
 *(.text*)
 .text.BMP180_Init
                0x0800014c       0x1c ./Core/Src/bmp180_for_stm32_hal.o
                0x0800014c                BMP180_Init
 .text.BMP180_SetOversampling
                0x08000168       0x20 ./Core/Src/bmp180_for_stm32_hal.o
                0x08000168                BMP180_SetOversampling
 .text.BMP180_UpdateCalibrationData
                0x08000188      0x1a0 ./Core/Src/bmp180_for_stm32_hal.o
                0x08000188                BMP180_UpdateCalibrationData
 .text.BMP180_WriteReg
                0x08000328       0x3c ./Core/Src/bmp180_for_stm32_hal.o
                0x08000328                BMP180_WriteReg
 .text.BMP180_ReadReg
                0x08000364       0x44 ./Core/Src/bmp180_for_stm32_hal.o
                0x08000364                BMP180_ReadReg
 .text.BMP180_GetRawTemperature
                0x080003a8       0x88 ./Core/Src/bmp180_for_stm32_hal.o
                0x080003a8                BMP180_GetRawTemperature
 .text.BMP180_GetPressure
                0x08000430      0x220 ./Core/Src/bmp180_for_stm32_hal.o
                0x08000430                BMP180_GetPressure
 .text.BMP180_GetUT
                0x08000650       0x1c ./Core/Src/bmp180_for_stm32_hal.o
                0x08000650                BMP180_GetUT
 .text.BMP180_GetUP
                0x0800066c       0x3c ./Core/Src/bmp180_for_stm32_hal.o
                0x0800066c                BMP180_GetUP
 .text.main     0x080006a8       0x40 ./Core/Src/main.o
                0x080006a8                main
 .text.SystemClock_Config
                0x080006e8       0x94 ./Core/Src/main.o
                0x080006e8                SystemClock_Config
 .text.MX_I2C1_Init
                0x0800077c       0x4c ./Core/Src/main.o
 .text.MX_USART1_UART_Init
                0x080007c8       0x54 ./Core/Src/main.o
 .text.MX_GPIO_Init
                0x0800081c       0x44 ./Core/Src/main.o
 .text.Error_Handler
                0x08000860        0xc ./Core/Src/main.o
                0x08000860                Error_Handler
 .text.HAL_MspInit
                0x0800086c       0x64 ./Core/Src/stm32f1xx_hal_msp.o
                0x0800086c                HAL_MspInit
 .text.HAL_I2C_MspInit
                0x080008d0       0x7c ./Core/Src/stm32f1xx_hal_msp.o
                0x080008d0                HAL_I2C_MspInit
 .text.HAL_UART_MspInit
                0x0800094c       0x98 ./Core/Src/stm32f1xx_hal_msp.o
                0x0800094c                HAL_UART_MspInit
 .text.NMI_Handler
                0x080009e4        0x8 ./Core/Src/stm32f1xx_it.o
                0x080009e4                NMI_Handler
 .text.HardFault_Handler
                0x080009ec        0x8 ./Core/Src/stm32f1xx_it.o
                0x080009ec                HardFault_Handler
 .text.MemManage_Handler
                0x080009f4        0x8 ./Core/Src/stm32f1xx_it.o
                0x080009f4                MemManage_Handler
 .text.BusFault_Handler
                0x080009fc        0x8 ./Core/Src/stm32f1xx_it.o
                0x080009fc                BusFault_Handler
 .text.UsageFault_Handler
                0x08000a04        0x8 ./Core/Src/stm32f1xx_it.o
                0x08000a04                UsageFault_Handler
 .text.SVC_Handler
                0x08000a0c        0xc ./Core/Src/stm32f1xx_it.o
                0x08000a0c                SVC_Handler
 .text.DebugMon_Handler
                0x08000a18        0xc ./Core/Src/stm32f1xx_it.o
                0x08000a18                DebugMon_Handler
 .text.PendSV_Handler
                0x08000a24        0xc ./Core/Src/stm32f1xx_it.o
                0x08000a24                PendSV_Handler
 .text.SysTick_Handler
                0x08000a30        0xc ./Core/Src/stm32f1xx_it.o
                0x08000a30                SysTick_Handler
 .text.SystemInit
                0x08000a3c        0xc ./Core/Src/system_stm32f1xx.o
                0x08000a3c                SystemInit
 .text.Reset_Handler
                0x08000a48       0x48 ./Core/Startup/startup_stm32f103c8tx.o
                0x08000a48                Reset_Handler
 .text.Default_Handler
                0x08000a90        0x2 ./Core/Startup/startup_stm32f103c8tx.o
                0x08000a90                RTC_Alarm_IRQHandler
                0x08000a90                EXTI2_IRQHandler
                0x08000a90                TIM1_CC_IRQHandler
                0x08000a90                PVD_IRQHandler
                0x08000a90                EXTI3_IRQHandler
                0x08000a90                EXTI0_IRQHandler
                0x08000a90                I2C2_EV_IRQHandler
                0x08000a90                ADC1_2_IRQHandler
                0x08000a90                SPI1_IRQHandler
                0x08000a90                TAMPER_IRQHandler
                0x08000a90                DMA1_Channel4_IRQHandler
                0x08000a90                USART3_IRQHandler
                0x08000a90                RTC_IRQHandler
                0x08000a90                DMA1_Channel7_IRQHandler
                0x08000a90                CAN1_RX1_IRQHandler
                0x08000a90                TIM4_IRQHandler
                0x08000a90                I2C1_EV_IRQHandler
                0x08000a90                DMA1_Channel6_IRQHandler
                0x08000a90                TIM3_IRQHandler
                0x08000a90                RCC_IRQHandler
                0x08000a90                TIM1_TRG_COM_IRQHandler
                0x08000a90                DMA1_Channel1_IRQHandler
                0x08000a90                Default_Handler
                0x08000a90                EXTI15_10_IRQHandler
                0x08000a90                EXTI9_5_IRQHandler
                0x08000a90                SPI2_IRQHandler
                0x08000a90                DMA1_Channel5_IRQHandler
                0x08000a90                EXTI4_IRQHandler
                0x08000a90                USB_LP_CAN1_RX0_IRQHandler
                0x08000a90                USB_HP_CAN1_TX_IRQHandler
                0x08000a90                DMA1_Channel3_IRQHandler
                0x08000a90                TIM1_UP_IRQHandler
                0x08000a90                WWDG_IRQHandler
                0x08000a90                TIM2_IRQHandler
                0x08000a90                TIM1_BRK_IRQHandler
                0x08000a90                EXTI1_IRQHandler
                0x08000a90                USART2_IRQHandler
                0x08000a90                I2C2_ER_IRQHandler
                0x08000a90                DMA1_Channel2_IRQHandler
                0x08000a90                CAN1_SCE_IRQHandler
                0x08000a90                FLASH_IRQHandler
                0x08000a90                USART1_IRQHandler
                0x08000a90                I2C1_ER_IRQHandler
                0x08000a90                USBWakeUp_IRQHandler
 *fill*         0x08000a92        0x2 
 .text.HAL_Init
                0x08000a94       0x2c ./Drivers/STM32F1xx_HAL_Driver/Src/stm32f1xx_hal.o
                0x08000a94                HAL_Init
 .text.HAL_InitTick
                0x08000ac0       0x60 ./Drivers/STM32F1xx_HAL_Driver/Src/stm32f1xx_hal.o
                0x08000ac0                HAL_InitTick
 .text.HAL_IncTick
                0x08000b20       0x24 ./Drivers/STM32F1xx_HAL_Driver/Src/stm32f1xx_hal.o
                0x08000b20                HAL_IncTick
 .text.HAL_GetTick
                0x08000b44       0x14 ./Drivers/STM32F1xx_HAL_Driver/Src/stm32f1xx_hal.o
                0x08000b44                HAL_GetTick
 .text.HAL_Delay
                0x08000b58       0x48 ./Drivers/STM32F1xx_HAL_Driver/Src/stm32f1xx_hal.o
                0x08000b58                HAL_Delay
 .text.__NVIC_SetPriorityGrouping
                0x08000ba0       0x48 ./Drivers/STM32F1xx_HAL_Driver/Src/stm32f1xx_hal_cortex.o
 .text.__NVIC_GetPriorityGrouping
                0x08000be8       0x1c ./Drivers/STM32F1xx_HAL_Driver/Src/stm32f1xx_hal_cortex.o
 .text.__NVIC_SetPriority
                0x08000c04       0x54 ./Drivers/STM32F1xx_HAL_Driver/Src/stm32f1xx_hal_cortex.o
 .text.NVIC_EncodePriority
                0x08000c58       0x64 ./Drivers/STM32F1xx_HAL_Driver/Src/stm32f1xx_hal_cortex.o
 .text.SysTick_Config
                0x08000cbc       0x44 ./Drivers/STM32F1xx_HAL_Driver/Src/stm32f1xx_hal_cortex.o
 .text.HAL_NVIC_SetPriorityGrouping
                0x08000d00       0x16 ./Drivers/STM32F1xx_HAL_Driver/Src/stm32f1xx_hal_cortex.o
                0x08000d00                HAL_NVIC_SetPriorityGrouping
 .text.HAL_NVIC_SetPriority
                0x08000d16       0x38 ./Drivers/STM32F1xx_HAL_Driver/Src/stm32f1xx_hal_cortex.o
                0x08000d16                HAL_NVIC_SetPriority
 .text.HAL_SYSTICK_Config
                0x08000d4e       0x18 ./Drivers/STM32F1xx_HAL_Driver/Src/stm32f1xx_hal_cortex.o
                0x08000d4e                HAL_SYSTICK_Config
 *fill*         0x08000d66        0x2 
 .text.HAL_GPIO_Init
                0x08000d68      0x308 ./Drivers/STM32F1xx_HAL_Driver/Src/stm32f1xx_hal_gpio.o
                0x08000d68                HAL_GPIO_Init
 .text.HAL_I2C_Init
                0x08001070      0x288 ./Drivers/STM32F1xx_HAL_Driver/Src/stm32f1xx_hal_i2c.o
                0x08001070                HAL_I2C_Init
 .text.HAL_I2C_Master_Transmit
                0x080012f8      0x1fc ./Drivers/STM32F1xx_HAL_Driver/Src/stm32f1xx_hal_i2c.o
                0x080012f8                HAL_I2C_Master_Transmit
 .text.HAL_I2C_Master_Receive
                0x080014f4      0x4d8 ./Drivers/STM32F1xx_HAL_Driver/Src/stm32f1xx_hal_i2c.o
                0x080014f4                HAL_I2C_Master_Receive
 .text.I2C_MasterRequestWrite
                0x080019cc      0x104 ./Drivers/STM32F1xx_HAL_Driver/Src/stm32f1xx_hal_i2c.o
 .text.I2C_MasterRequestRead
                0x08001ad0      0x19c ./Drivers/STM32F1xx_HAL_Driver/Src/stm32f1xx_hal_i2c.o
 .text.I2C_WaitOnFlagUntilTimeout
                0x08001c6c       0xf4 ./Drivers/STM32F1xx_HAL_Driver/Src/stm32f1xx_hal_i2c.o
 .text.I2C_WaitOnMasterAddressFlagUntilTimeout
                0x08001d60      0x140 ./Drivers/STM32F1xx_HAL_Driver/Src/stm32f1xx_hal_i2c.o
 .text.I2C_WaitOnTXEFlagUntilTimeout
                0x08001ea0       0x90 ./Drivers/STM32F1xx_HAL_Driver/Src/stm32f1xx_hal_i2c.o
 .text.I2C_WaitOnBTFFlagUntilTimeout
                0x08001f30       0x90 ./Drivers/STM32F1xx_HAL_Driver/Src/stm32f1xx_hal_i2c.o
 .text.I2C_WaitOnRXNEFlagUntilTimeout
                0x08001fc0       0xba ./Drivers/STM32F1xx_HAL_Driver/Src/stm32f1xx_hal_i2c.o
 .text.I2C_IsAcknowledgeFailed
                0x0800207a       0x5c ./Drivers/STM32F1xx_HAL_Driver/Src/stm32f1xx_hal_i2c.o
 *fill*         0x080020d6        0x2 
 .text.HAL_RCC_OscConfig
                0x080020d8      0x504 ./Drivers/STM32F1xx_HAL_Driver/Src/stm32f1xx_hal_rcc.o
                0x080020d8                HAL_RCC_OscConfig
 .text.HAL_RCC_ClockConfig
                0x080025dc      0x1d4 ./Drivers/STM32F1xx_HAL_Driver/Src/stm32f1xx_hal_rcc.o
                0x080025dc                HAL_RCC_ClockConfig
 .text.HAL_RCC_GetSysClockFreq
                0x080027b0       0xa8 ./Drivers/STM32F1xx_HAL_Driver/Src/stm32f1xx_hal_rcc.o
                0x080027b0                HAL_RCC_GetSysClockFreq
 .text.HAL_RCC_GetHCLKFreq
                0x08002858       0x14 ./Drivers/STM32F1xx_HAL_Driver/Src/stm32f1xx_hal_rcc.o
                0x08002858                HAL_RCC_GetHCLKFreq
 .text.HAL_RCC_GetPCLK1Freq
                0x0800286c       0x28 ./Drivers/STM32F1xx_HAL_Driver/Src/stm32f1xx_hal_rcc.o
                0x0800286c                HAL_RCC_GetPCLK1Freq
 .text.HAL_RCC_GetPCLK2Freq
                0x08002894       0x28 ./Drivers/STM32F1xx_HAL_Driver/Src/stm32f1xx_hal_rcc.o
                0x08002894                HAL_RCC_GetPCLK2Freq
 .text.RCC_Delay
                0x080028bc       0x3c ./Drivers/STM32F1xx_HAL_Driver/Src/stm32f1xx_hal_rcc.o
 .text.HAL_RCCEx_PeriphCLKConfig
                0x080028f8      0x16c ./Drivers/STM32F1xx_HAL_Driver/Src/stm32f1xx_hal_rcc_ex.o
                0x080028f8                HAL_RCCEx_PeriphCLKConfig
 .text.HAL_UART_Init
                0x08002a64       0xa0 ./Drivers/STM32F1xx_HAL_Driver/Src/stm32f1xx_hal_uart.o
                0x08002a64                HAL_UART_Init
 .text.UART_SetConfig
                0x08002b04      0x11c ./Drivers/STM32F1xx_HAL_Driver/Src/stm32f1xx_hal_uart.o
 .text.memset   0x08002c20       0x10 D:/App/cubeide/data/STM32CubeIDE_1.18.1/STM32CubeIDE/plugins/com.st.stm32cube.ide.mcu.externaltools.gnu-tools-for-stm32.13.3.rel1.win32_1.0.0.202411081344/tools/bin/../lib/gcc/arm-none-eabi/13.3.1/../../../../arm-none-eabi/lib/thumb/v7-m/nofp\libc_nano.a(libc_a-memset.o)
                0x08002c20                memset
 .text.__libc_init_array
                0x08002c30       0x48 D:/App/cubeide/data/STM32CubeIDE_1.18.1/STM32CubeIDE/plugins/com.st.stm32cube.ide.mcu.externaltools.gnu-tools-for-stm32.13.3.rel1.win32_1.0.0.202411081344/tools/bin/../lib/gcc/arm-none-eabi/13.3.1/../../../../arm-none-eabi/lib/thumb/v7-m/nofp\libc_nano.a(libc_a-init.o)
                0x08002c30                __libc_init_array
 *(.glue_7)
 .glue_7        0x08002c78        0x0 linker stubs
 *(.glue_7t)
 .glue_7t       0x08002c78        0x0 linker stubs
 *(.eh_frame)
 .eh_frame      0x08002c78        0x0 D:/App/cubeide/data/STM32CubeIDE_1.18.1/STM32CubeIDE/plugins/com.st.stm32cube.ide.mcu.externaltools.gnu-tools-for-stm32.13.3.rel1.win32_1.0.0.202411081344/tools/bin/../lib/gcc/arm-none-eabi/13.3.1/thumb/v7-m/nofp/crtbegin.o
 *(.init)
 .init          0x08002c78        0x4 D:/App/cubeide/data/STM32CubeIDE_1.18.1/STM32CubeIDE/plugins/com.st.stm32cube.ide.mcu.externaltools.gnu-tools-for-stm32.13.3.rel1.win32_1.0.0.202411081344/tools/bin/../lib/gcc/arm-none-eabi/13.3.1/thumb/v7-m/nofp/crti.o
                0x08002c78                _init
 .init          0x08002c7c        0x8 D:/App/cubeide/data/STM32CubeIDE_1.18.1/STM32CubeIDE/plugins/com.st.stm32cube.ide.mcu.externaltools.gnu-tools-for-stm32.13.3.rel1.win32_1.0.0.202411081344/tools/bin/../lib/gcc/arm-none-eabi/13.3.1/thumb/v7-m/nofp/crtn.o
 *(.fini)
 .fini          0x08002c84        0x4 D:/App/cubeide/data/STM32CubeIDE_1.18.1/STM32CubeIDE/plugins/com.st.stm32cube.ide.mcu.externaltools.gnu-tools-for-stm32.13.3.rel1.win32_1.0.0.202411081344/tools/bin/../lib/gcc/arm-none-eabi/13.3.1/thumb/v7-m/nofp/crti.o
                0x08002c84                _fini
 .fini          0x08002c88        0x8 D:/App/cubeide/data/STM32CubeIDE_1.18.1/STM32CubeIDE/plugins/com.st.stm32cube.ide.mcu.externaltools.gnu-tools-for-stm32.13.3.rel1.win32_1.0.0.202411081344/tools/bin/../lib/gcc/arm-none-eabi/13.3.1/thumb/v7-m/nofp/crtn.o
                0x08002c90                        . = ALIGN (0x4)
                0x08002c90                        _etext = .

.vfp11_veneer   0x08002c90        0x0
 .vfp11_veneer  0x08002c90        0x0 linker stubs

.v4_bx          0x08002c90        0x0
 .v4_bx         0x08002c90        0x0 linker stubs

.iplt           0x08002c90        0x0
 .iplt          0x08002c90        0x0 D:/App/cubeide/data/STM32CubeIDE_1.18.1/STM32CubeIDE/plugins/com.st.stm32cube.ide.mcu.externaltools.gnu-tools-for-stm32.13.3.rel1.win32_1.0.0.202411081344/tools/bin/../lib/gcc/arm-none-eabi/13.3.1/thumb/v7-m/nofp/crtbegin.o

.rodata         0x08002c90       0x34
                0x08002c90                        . = ALIGN (0x4)
 *(.rodata)
 *(.rodata*)
 .rodata.BMP180_CMD_PRES
                0x08002c90        0x4 ./Core/Src/bmp180_for_stm32_hal.o
                0x08002c90                BMP180_CMD_PRES
 .rodata.BMP180_DELAY_PRES
                0x08002c94        0x4 ./Core/Src/bmp180_for_stm32_hal.o
                0x08002c94                BMP180_DELAY_PRES
 .rodata.AHBPrescTable
                0x08002c98       0x10 ./Core/Src/system_stm32f1xx.o
                0x08002c98                AHBPrescTable
 .rodata.APBPrescTable
                0x08002ca8        0x8 ./Core/Src/system_stm32f1xx.o
                0x08002ca8                APBPrescTable
 .rodata.aPLLMULFactorTable.1
                0x08002cb0       0x10 ./Drivers/STM32F1xx_HAL_Driver/Src/stm32f1xx_hal_rcc.o
 .rodata.aPredivFactorTable.0
                0x08002cc0        0x2 ./Drivers/STM32F1xx_HAL_Driver/Src/stm32f1xx_hal_rcc.o
                0x08002cc4                        . = ALIGN (0x4)
 *fill*         0x08002cc2        0x2 

.ARM.extab      0x08002cc4        0x0
                0x08002cc4                        . = ALIGN (0x4)
 *(.ARM.extab* .gnu.linkonce.armextab.*)
                0x08002cc4                        . = ALIGN (0x4)

.ARM            0x08002cc4        0x0
                0x08002cc4                        . = ALIGN (0x4)
                0x08002cc4                        __exidx_start = .
 *(.ARM.exidx*)
                0x08002cc4                        __exidx_end = .
                0x08002cc4                        . = ALIGN (0x4)

.preinit_array  0x08002cc4        0x0
                0x08002cc4                        . = ALIGN (0x4)
                0x08002cc4                        PROVIDE (__preinit_array_start = .)
 *(.preinit_array*)
                0x08002cc4                        PROVIDE (__preinit_array_end = .)
                0x08002cc4                        . = ALIGN (0x4)

.init_array     0x08002cc4        0x4
                0x08002cc4                        . = ALIGN (0x4)
                0x08002cc4                        PROVIDE (__init_array_start = .)
 *(SORT_BY_NAME(.init_array.*))
 *(.init_array*)
 .init_array    0x08002cc4        0x4 D:/App/cubeide/data/STM32CubeIDE_1.18.1/STM32CubeIDE/plugins/com.st.stm32cube.ide.mcu.externaltools.gnu-tools-for-stm32.13.3.rel1.win32_1.0.0.202411081344/tools/bin/../lib/gcc/arm-none-eabi/13.3.1/thumb/v7-m/nofp/crtbegin.o
                0x08002cc8                        PROVIDE (__init_array_end = .)
                0x08002cc8                        . = ALIGN (0x4)

.fini_array     0x08002cc8        0x4
                0x08002cc8                        . = ALIGN (0x4)
                [!provide]                        PROVIDE (__fini_array_start = .)
 *(SORT_BY_NAME(.fini_array.*))
 *(.fini_array*)
 .fini_array    0x08002cc8        0x4 D:/App/cubeide/data/STM32CubeIDE_1.18.1/STM32CubeIDE/plugins/com.st.stm32cube.ide.mcu.externaltools.gnu-tools-for-stm32.13.3.rel1.win32_1.0.0.202411081344/tools/bin/../lib/gcc/arm-none-eabi/13.3.1/thumb/v7-m/nofp/crtbegin.o
                [!provide]                        PROVIDE (__fini_array_end = .)
                0x08002ccc                        . = ALIGN (0x4)
                0x08002ccc                        _sidata = LOADADDR (.data)

.rel.dyn        0x08002ccc        0x0
 .rel.iplt      0x08002ccc        0x0 D:/App/cubeide/data/STM32CubeIDE_1.18.1/STM32CubeIDE/plugins/com.st.stm32cube.ide.mcu.externaltools.gnu-tools-for-stm32.13.3.rel1.win32_1.0.0.202411081344/tools/bin/../lib/gcc/arm-none-eabi/13.3.1/thumb/v7-m/nofp/crtbegin.o

.data           0x20000000        0xc load address 0x08002ccc
                0x20000000                        . = ALIGN (0x4)
                0x20000000                        _sdata = .
 *(.data)
 *(.data*)
 .data.SystemCoreClock
                0x20000000        0x4 ./Core/Src/system_stm32f1xx.o
                0x20000000                SystemCoreClock
 .data.uwTickPrio
                0x20000004        0x4 ./Drivers/STM32F1xx_HAL_Driver/Src/stm32f1xx_hal.o
                0x20000004                uwTickPrio
 .data.uwTickFreq
                0x20000008        0x1 ./Drivers/STM32F1xx_HAL_Driver/Src/stm32f1xx_hal.o
                0x20000008                uwTickFreq
 *(.RamFunc)
 *(.RamFunc*)
                0x2000000c                        . = ALIGN (0x4)
 *fill*         0x20000009        0x3 
                0x2000000c                        _edata = .

.igot.plt       0x2000000c        0x0 load address 0x08002cd8
 .igot.plt      0x2000000c        0x0 D:/App/cubeide/data/STM32CubeIDE_1.18.1/STM32CubeIDE/plugins/com.st.stm32cube.ide.mcu.externaltools.gnu-tools-for-stm32.13.3.rel1.win32_1.0.0.202411081344/tools/bin/../lib/gcc/arm-none-eabi/13.3.1/thumb/v7-m/nofp/crtbegin.o
                0x2000000c                        . = ALIGN (0x4)

.bss            0x2000000c       0xd8 load address 0x08002cd8
                0x2000000c                        _sbss = .
                0x2000000c                        __bss_start__ = _sbss
 *(.bss)
 .bss           0x2000000c       0x1c D:/App/cubeide/data/STM32CubeIDE_1.18.1/STM32CubeIDE/plugins/com.st.stm32cube.ide.mcu.externaltools.gnu-tools-for-stm32.13.3.rel1.win32_1.0.0.202411081344/tools/bin/../lib/gcc/arm-none-eabi/13.3.1/thumb/v7-m/nofp/crtbegin.o
 *(.bss*)
 .bss._bmp180_ui2c
                0x20000028        0x4 ./Core/Src/bmp180_for_stm32_hal.o
                0x20000028                _bmp180_ui2c
 .bss._bmp180_eeprom
                0x2000002c       0x16 ./Core/Src/bmp180_for_stm32_hal.o
                0x2000002c                _bmp180_eeprom
 .bss._bmp180_oss
                0x20000042        0x1 ./Core/Src/bmp180_for_stm32_hal.o
                0x20000042                _bmp180_oss
 *fill*         0x20000043        0x1 
 .bss.hi2c1     0x20000044       0x54 ./Core/Src/main.o
                0x20000044                hi2c1
 .bss.huart1    0x20000098       0x48 ./Core/Src/main.o
                0x20000098                huart1
 .bss.uwTick    0x200000e0        0x4 ./Drivers/STM32F1xx_HAL_Driver/Src/stm32f1xx_hal.o
                0x200000e0                uwTick
 *(COMMON)
                0x200000e4                        . = ALIGN (0x4)
                0x200000e4                        _ebss = .
                0x200000e4                        __bss_end__ = _ebss

._user_heap_stack
                0x200000e4      0x604 load address 0x08002cd8
                0x200000e8                        . = ALIGN (0x8)
 *fill*         0x200000e4        0x4 
                [!provide]                        PROVIDE (end = .)
                0x200000e8                        PROVIDE (_end = .)
                0x200002e8                        . = (. + _Min_Heap_Size)
 *fill*         0x200000e8      0x200 
                0x200006e8                        . = (. + _Min_Stack_Size)
 *fill*         0x200002e8      0x400 
                0x200006e8                        . = ALIGN (0x8)

/DISCARD/
 libc.a(*)
 libm.a(*)
 libgcc.a(*)

.ARM.attributes
                0x00000000       0x29
 *(.ARM.attributes)
 .ARM.attributes
                0x00000000       0x1d D:/App/cubeide/data/STM32CubeIDE_1.18.1/STM32CubeIDE/plugins/com.st.stm32cube.ide.mcu.externaltools.gnu-tools-for-stm32.13.3.rel1.win32_1.0.0.202411081344/tools/bin/../lib/gcc/arm-none-eabi/13.3.1/thumb/v7-m/nofp/crti.o
 .ARM.attributes
                0x0000001d       0x2d D:/App/cubeide/data/STM32CubeIDE_1.18.1/STM32CubeIDE/plugins/com.st.stm32cube.ide.mcu.externaltools.gnu-tools-for-stm32.13.3.rel1.win32_1.0.0.202411081344/tools/bin/../lib/gcc/arm-none-eabi/13.3.1/thumb/v7-m/nofp/crtbegin.o
 .ARM.attributes
                0x0000004a       0x2d ./Core/Src/bmp180_for_stm32_hal.o
 .ARM.attributes
                0x00000077       0x2d ./Core/Src/main.o
 .ARM.attributes
                0x000000a4       0x2d ./Core/Src/stm32f1xx_hal_msp.o
 .ARM.attributes
                0x000000d1       0x2d ./Core/Src/stm32f1xx_it.o
 .ARM.attributes
                0x000000fe       0x2d ./Core/Src/system_stm32f1xx.o
 .ARM.attributes
                0x0000012b       0x21 ./Core/Startup/startup_stm32f103c8tx.o
 .ARM.attributes
                0x0000014c       0x2d ./Drivers/STM32F1xx_HAL_Driver/Src/stm32f1xx_hal.o
 .ARM.attributes
                0x00000179       0x2d ./Drivers/STM32F1xx_HAL_Driver/Src/stm32f1xx_hal_cortex.o
 .ARM.attributes
                0x000001a6       0x2d ./Drivers/STM32F1xx_HAL_Driver/Src/stm32f1xx_hal_gpio.o
 .ARM.attributes
                0x000001d3       0x2d ./Drivers/STM32F1xx_HAL_Driver/Src/stm32f1xx_hal_i2c.o
 .ARM.attributes
                0x00000200       0x2d ./Drivers/STM32F1xx_HAL_Driver/Src/stm32f1xx_hal_rcc.o
 .ARM.attributes
                0x0000022d       0x2d ./Drivers/STM32F1xx_HAL_Driver/Src/stm32f1xx_hal_rcc_ex.o
 .ARM.attributes
                0x0000025a       0x2d ./Drivers/STM32F1xx_HAL_Driver/Src/stm32f1xx_hal_uart.o
 .ARM.attributes
                0x00000287       0x2d D:/App/cubeide/data/STM32CubeIDE_1.18.1/STM32CubeIDE/plugins/com.st.stm32cube.ide.mcu.externaltools.gnu-tools-for-stm32.13.3.rel1.win32_1.0.0.202411081344/tools/bin/../lib/gcc/arm-none-eabi/13.3.1/../../../../arm-none-eabi/lib/thumb/v7-m/nofp\libc_nano.a(libc_a-memset.o)
 .ARM.attributes
                0x000002b4       0x2d D:/App/cubeide/data/STM32CubeIDE_1.18.1/STM32CubeIDE/plugins/com.st.stm32cube.ide.mcu.externaltools.gnu-tools-for-stm32.13.3.rel1.win32_1.0.0.202411081344/tools/bin/../lib/gcc/arm-none-eabi/13.3.1/../../../../arm-none-eabi/lib/thumb/v7-m/nofp\libc_nano.a(libc_a-init.o)
 .ARM.attributes
                0x000002e1       0x1d D:/App/cubeide/data/STM32CubeIDE_1.18.1/STM32CubeIDE/plugins/com.st.stm32cube.ide.mcu.externaltools.gnu-tools-for-stm32.13.3.rel1.win32_1.0.0.202411081344/tools/bin/../lib/gcc/arm-none-eabi/13.3.1/thumb/v7-m/nofp/crtn.o
OUTPUT(BMP180.elf elf32-littlearm)
LOAD linker stubs
LOAD D:/App/cubeide/data/STM32CubeIDE_1.18.1/STM32CubeIDE/plugins/com.st.stm32cube.ide.mcu.externaltools.gnu-tools-for-stm32.13.3.rel1.win32_1.0.0.202411081344/tools/bin/../lib/gcc/arm-none-eabi/13.3.1/../../../../arm-none-eabi/lib/thumb/v7-m/nofp\libc.a
LOAD D:/App/cubeide/data/STM32CubeIDE_1.18.1/STM32CubeIDE/plugins/com.st.stm32cube.ide.mcu.externaltools.gnu-tools-for-stm32.13.3.rel1.win32_1.0.0.202411081344/tools/bin/../lib/gcc/arm-none-eabi/13.3.1/../../../../arm-none-eabi/lib/thumb/v7-m/nofp\libm.a
LOAD D:/App/cubeide/data/STM32CubeIDE_1.18.1/STM32CubeIDE/plugins/com.st.stm32cube.ide.mcu.externaltools.gnu-tools-for-stm32.13.3.rel1.win32_1.0.0.202411081344/tools/bin/../lib/gcc/arm-none-eabi/13.3.1/thumb/v7-m/nofp\libgcc.a

.debug_info     0x00000000     0x9c1a
 .debug_info    0x00000000      0xa7a ./Core/Src/bmp180_for_stm32_hal.o
 .debug_info    0x00000a7a      0xc50 ./Core/Src/main.o
 .debug_info    0x000016ca      0xb0f ./Core/Src/stm32f1xx_hal_msp.o
 .debug_info    0x000021d9      0x113 ./Core/Src/stm32f1xx_it.o
 .debug_info    0x000022ec      0x222 ./Core/Src/system_stm32f1xx.o
 .debug_info    0x0000250e       0x30 ./Core/Startup/startup_stm32f103c8tx.o
 .debug_info    0x0000253e      0x704 ./Drivers/STM32F1xx_HAL_Driver/Src/stm32f1xx_hal.o
 .debug_info    0x00002c42      0xa87 ./Drivers/STM32F1xx_HAL_Driver/Src/stm32f1xx_hal_cortex.o
 .debug_info    0x000036c9      0x5ab ./Drivers/STM32F1xx_HAL_Driver/Src/stm32f1xx_hal_gpio.o
 .debug_info    0x00003c74     0x2524 ./Drivers/STM32F1xx_HAL_Driver/Src/stm32f1xx_hal_i2c.o
 .debug_info    0x00006198      0x7d5 ./Drivers/STM32F1xx_HAL_Driver/Src/stm32f1xx_hal_rcc.o
 .debug_info    0x0000696d      0x3c0 ./Drivers/STM32F1xx_HAL_Driver/Src/stm32f1xx_hal_rcc_ex.o
 .debug_info    0x00006d2d     0x2eed ./Drivers/STM32F1xx_HAL_Driver/Src/stm32f1xx_hal_uart.o

.debug_abbrev   0x00000000     0x18e7
 .debug_abbrev  0x00000000      0x26c ./Core/Src/bmp180_for_stm32_hal.o
 .debug_abbrev  0x0000026c      0x261 ./Core/Src/main.o
 .debug_abbrev  0x000004cd      0x1ab ./Core/Src/stm32f1xx_hal_msp.o
 .debug_abbrev  0x00000678       0x73 ./Core/Src/stm32f1xx_it.o
 .debug_abbrev  0x000006eb      0x13f ./Core/Src/system_stm32f1xx.o
 .debug_abbrev  0x0000082a       0x24 ./Core/Startup/startup_stm32f103c8tx.o
 .debug_abbrev  0x0000084e      0x201 ./Drivers/STM32F1xx_HAL_Driver/Src/stm32f1xx_hal.o
 .debug_abbrev  0x00000a4f      0x2f8 ./Drivers/STM32F1xx_HAL_Driver/Src/stm32f1xx_hal_cortex.o
 .debug_abbrev  0x00000d47      0x1ca ./Drivers/STM32F1xx_HAL_Driver/Src/stm32f1xx_hal_gpio.o
 .debug_abbrev  0x00000f11      0x2a3 ./Drivers/STM32F1xx_HAL_Driver/Src/stm32f1xx_hal_i2c.o
 .debug_abbrev  0x000011b4      0x2b3 ./Drivers/STM32F1xx_HAL_Driver/Src/stm32f1xx_hal_rcc.o
 .debug_abbrev  0x00001467      0x188 ./Drivers/STM32F1xx_HAL_Driver/Src/stm32f1xx_hal_rcc_ex.o
 .debug_abbrev  0x000015ef      0x2f8 ./Drivers/STM32F1xx_HAL_Driver/Src/stm32f1xx_hal_uart.o

.debug_aranges  0x00000000      0x948
 .debug_aranges
                0x00000000       0x68 ./Core/Src/bmp180_for_stm32_hal.o
 .debug_aranges
                0x00000068       0x48 ./Core/Src/main.o
 .debug_aranges
                0x000000b0       0x40 ./Core/Src/stm32f1xx_hal_msp.o
 .debug_aranges
                0x000000f0       0x60 ./Core/Src/stm32f1xx_it.o
 .debug_aranges
                0x00000150       0x28 ./Core/Src/system_stm32f1xx.o
 .debug_aranges
                0x00000178       0x28 ./Core/Startup/startup_stm32f103c8tx.o
 .debug_aranges
                0x000001a0       0xe0 ./Drivers/STM32F1xx_HAL_Driver/Src/stm32f1xx_hal.o
 .debug_aranges
                0x00000280      0x100 ./Drivers/STM32F1xx_HAL_Driver/Src/stm32f1xx_hal_cortex.o
 .debug_aranges
                0x00000380       0x58 ./Drivers/STM32F1xx_HAL_Driver/Src/stm32f1xx_hal_gpio.o
 .debug_aranges
                0x000003d8      0x2a8 ./Drivers/STM32F1xx_HAL_Driver/Src/stm32f1xx_hal_i2c.o
 .debug_aranges
                0x00000680       0x90 ./Drivers/STM32F1xx_HAL_Driver/Src/stm32f1xx_hal_rcc.o
 .debug_aranges
                0x00000710       0x30 ./Drivers/STM32F1xx_HAL_Driver/Src/stm32f1xx_hal_rcc_ex.o
 .debug_aranges
                0x00000740      0x208 ./Drivers/STM32F1xx_HAL_Driver/Src/stm32f1xx_hal_uart.o

.debug_rnglists
                0x00000000      0x742
 .debug_rnglists
                0x00000000       0x4c ./Core/Src/bmp180_for_stm32_hal.o
 .debug_rnglists
                0x0000004c       0x32 ./Core/Src/main.o
 .debug_rnglists
                0x0000007e       0x2c ./Core/Src/stm32f1xx_hal_msp.o
 .debug_rnglists
                0x000000aa       0x43 ./Core/Src/stm32f1xx_it.o
 .debug_rnglists
                0x000000ed       0x1a ./Core/Src/system_stm32f1xx.o
 .debug_rnglists
                0x00000107       0x19 ./Core/Startup/startup_stm32f103c8tx.o
 .debug_rnglists
                0x00000120       0xa3 ./Drivers/STM32F1xx_HAL_Driver/Src/stm32f1xx_hal.o
 .debug_rnglists
                0x000001c3       0xbb ./Drivers/STM32F1xx_HAL_Driver/Src/stm32f1xx_hal_cortex.o
 .debug_rnglists
                0x0000027e       0x3f ./Drivers/STM32F1xx_HAL_Driver/Src/stm32f1xx_hal_gpio.o
 .debug_rnglists
                0x000002bd      0x23c ./Drivers/STM32F1xx_HAL_Driver/Src/stm32f1xx_hal_i2c.o
 .debug_rnglists
                0x000004f9       0x6c ./Drivers/STM32F1xx_HAL_Driver/Src/stm32f1xx_hal_rcc.o
 .debug_rnglists
                0x00000565       0x21 ./Drivers/STM32F1xx_HAL_Driver/Src/stm32f1xx_hal_rcc_ex.o
 .debug_rnglists
                0x00000586      0x1bc ./Drivers/STM32F1xx_HAL_Driver/Src/stm32f1xx_hal_uart.o

.debug_macro    0x00000000    0x1715e
 .debug_macro   0x00000000      0x1b5 ./Core/Src/bmp180_for_stm32_hal.o
 .debug_macro   0x000001b5      0xacc ./Core/Src/bmp180_for_stm32_hal.o
 .debug_macro   0x00000c81      0x21b ./Core/Src/bmp180_for_stm32_hal.o
 .debug_macro   0x00000e9c       0x2e ./Core/Src/bmp180_for_stm32_hal.o
 .debug_macro   0x00000eca       0x22 ./Core/Src/bmp180_for_stm32_hal.o
 .debug_macro   0x00000eec       0x22 ./Core/Src/bmp180_for_stm32_hal.o
 .debug_macro   0x00000f0e       0x8e ./Core/Src/bmp180_for_stm32_hal.o
 .debug_macro   0x00000f9c       0x51 ./Core/Src/bmp180_for_stm32_hal.o
 .debug_macro   0x00000fed      0x103 ./Core/Src/bmp180_for_stm32_hal.o
 .debug_macro   0x000010f0       0x6a ./Core/Src/bmp180_for_stm32_hal.o
 .debug_macro   0x0000115a      0x1df ./Core/Src/bmp180_for_stm32_hal.o
 .debug_macro   0x00001339       0x1c ./Core/Src/bmp180_for_stm32_hal.o
 .debug_macro   0x00001355       0x22 ./Core/Src/bmp180_for_stm32_hal.o
 .debug_macro   0x00001377       0xbd ./Core/Src/bmp180_for_stm32_hal.o
 .debug_macro   0x00001434      0xd23 ./Core/Src/bmp180_for_stm32_hal.o
 .debug_macro   0x00002157     0xe09e ./Core/Src/bmp180_for_stm32_hal.o
 .debug_macro   0x000101f5       0x6d ./Core/Src/bmp180_for_stm32_hal.o
 .debug_macro   0x00010262     0x34a2 ./Core/Src/bmp180_for_stm32_hal.o
 .debug_macro   0x00013704      0x190 ./Core/Src/bmp180_for_stm32_hal.o
 .debug_macro   0x00013894       0x5c ./Core/Src/bmp180_for_stm32_hal.o
 .debug_macro   0x000138f0      0x5bc ./Core/Src/bmp180_for_stm32_hal.o
 .debug_macro   0x00013eac      0x289 ./Core/Src/bmp180_for_stm32_hal.o
 .debug_macro   0x00014135      0x1cb ./Core/Src/bmp180_for_stm32_hal.o
 .debug_macro   0x00014300      0x114 ./Core/Src/bmp180_for_stm32_hal.o
 .debug_macro   0x00014414      0x1b2 ./Core/Src/bmp180_for_stm32_hal.o
 .debug_macro   0x000145c6       0x27 ./Core/Src/bmp180_for_stm32_hal.o
 .debug_macro   0x000145ed      0x136 ./Core/Src/bmp180_for_stm32_hal.o
 .debug_macro   0x00014723      0x1bc ./Core/Src/bmp180_for_stm32_hal.o
 .debug_macro   0x000148df       0x34 ./Core/Src/bmp180_for_stm32_hal.o
 .debug_macro   0x00014913       0x3c ./Core/Src/bmp180_for_stm32_hal.o
 .debug_macro   0x0001494f       0x57 ./Core/Src/bmp180_for_stm32_hal.o
 .debug_macro   0x000149a6       0x87 ./Core/Src/bmp180_for_stm32_hal.o
 .debug_macro   0x00014a2d      0x240 ./Core/Src/bmp180_for_stm32_hal.o
 .debug_macro   0x00014c6d      0x287 ./Core/Src/bmp180_for_stm32_hal.o
 .debug_macro   0x00014ef4      0x140 ./Core/Src/bmp180_for_stm32_hal.o
 .debug_macro   0x00015034      0x28e ./Core/Src/bmp180_for_stm32_hal.o
 .debug_macro   0x000152c2       0x83 ./Core/Src/bmp180_for_stm32_hal.o
 .debug_macro   0x00015345       0x34 ./Core/Src/bmp180_for_stm32_hal.o
 .debug_macro   0x00015379      0x2f1 ./Core/Src/main.o
 .debug_macro   0x0001566a       0x61 ./Core/Src/main.o
 .debug_macro   0x000156cb       0x24 ./Core/Src/main.o
 .debug_macro   0x000156ef       0x43 ./Core/Src/main.o
 .debug_macro   0x00015732       0x34 ./Core/Src/main.o
 .debug_macro   0x00015766       0x16 ./Core/Src/main.o
 .debug_macro   0x0001577c       0x3c ./Core/Src/main.o
 .debug_macro   0x000157b8      0x370 ./Core/Src/main.o
 .debug_macro   0x00015b28       0x10 ./Core/Src/main.o
 .debug_macro   0x00015b38       0x16 ./Core/Src/main.o
 .debug_macro   0x00015b4e       0x4a ./Core/Src/main.o
 .debug_macro   0x00015b98       0x34 ./Core/Src/main.o
 .debug_macro   0x00015bcc       0x10 ./Core/Src/main.o
 .debug_macro   0x00015bdc       0x58 ./Core/Src/main.o
 .debug_macro   0x00015c34       0x8e ./Core/Src/main.o
 .debug_macro   0x00015cc2       0x1c ./Core/Src/main.o
 .debug_macro   0x00015cde      0x185 ./Core/Src/main.o
 .debug_macro   0x00015e63       0x16 ./Core/Src/main.o
 .debug_macro   0x00015e79       0x16 ./Core/Src/main.o
 .debug_macro   0x00015e8f      0x146 ./Core/Src/main.o
 .debug_macro   0x00015fd5       0x16 ./Core/Src/main.o
 .debug_macro   0x00015feb       0x16 ./Core/Src/main.o
 .debug_macro   0x00016001       0x29 ./Core/Src/main.o
 .debug_macro   0x0001602a       0x16 ./Core/Src/main.o
 .debug_macro   0x00016040       0x20 ./Core/Src/main.o
 .debug_macro   0x00016060      0x1a2 ./Core/Src/stm32f1xx_hal_msp.o
 .debug_macro   0x00016202      0x1ac ./Core/Src/stm32f1xx_it.o
 .debug_macro   0x000163ae      0x198 ./Core/Src/system_stm32f1xx.o
 .debug_macro   0x00016546      0x1bc ./Drivers/STM32F1xx_HAL_Driver/Src/stm32f1xx_hal.o
 .debug_macro   0x00016702      0x198 ./Drivers/STM32F1xx_HAL_Driver/Src/stm32f1xx_hal_cortex.o
 .debug_macro   0x0001689a      0x203 ./Drivers/STM32F1xx_HAL_Driver/Src/stm32f1xx_hal_gpio.o
 .debug_macro   0x00016a9d      0x1e6 ./Drivers/STM32F1xx_HAL_Driver/Src/stm32f1xx_hal_i2c.o
 .debug_macro   0x00016c83      0x1aa ./Drivers/STM32F1xx_HAL_Driver/Src/stm32f1xx_hal_rcc.o
 .debug_macro   0x00016e2d      0x198 ./Drivers/STM32F1xx_HAL_Driver/Src/stm32f1xx_hal_rcc_ex.o
 .debug_macro   0x00016fc5      0x199 ./Drivers/STM32F1xx_HAL_Driver/Src/stm32f1xx_hal_uart.o

.debug_line     0x00000000     0xcc38
 .debug_line    0x00000000      0xc18 ./Core/Src/bmp180_for_stm32_hal.o
 .debug_line    0x00000c18      0xb5f ./Core/Src/main.o
 .debug_line    0x00001777      0x83f ./Core/Src/stm32f1xx_hal_msp.o
 .debug_line    0x00001fb6      0x850 ./Core/Src/stm32f1xx_it.o
 .debug_line    0x00002806      0x820 ./Core/Src/system_stm32f1xx.o
 .debug_line    0x00003026       0x78 ./Core/Startup/startup_stm32f103c8tx.o
 .debug_line    0x0000309e      0xa51 ./Drivers/STM32F1xx_HAL_Driver/Src/stm32f1xx_hal.o
 .debug_line    0x00003aef      0xc1b ./Drivers/STM32F1xx_HAL_Driver/Src/stm32f1xx_hal_cortex.o
 .debug_line    0x0000470a      0xaae ./Drivers/STM32F1xx_HAL_Driver/Src/stm32f1xx_hal_gpio.o
 .debug_line    0x000051b8     0x3c4e ./Drivers/STM32F1xx_HAL_Driver/Src/stm32f1xx_hal_i2c.o
 .debug_line    0x00008e06      0xf0a ./Drivers/STM32F1xx_HAL_Driver/Src/stm32f1xx_hal_rcc.o
 .debug_line    0x00009d10      0x9bb ./Drivers/STM32F1xx_HAL_Driver/Src/stm32f1xx_hal_rcc_ex.o
 .debug_line    0x0000a6cb     0x256d ./Drivers/STM32F1xx_HAL_Driver/Src/stm32f1xx_hal_uart.o

.debug_str      0x00000000    0x847c6
 .debug_str     0x00000000    0x847c6 ./Core/Src/bmp180_for_stm32_hal.o
                              0x7eb4c (size before relaxing)
 .debug_str     0x000847c6    0x82638 ./Core/Src/main.o
 .debug_str     0x000847c6    0x7ea28 ./Core/Src/stm32f1xx_hal_msp.o
 .debug_str     0x000847c6    0x7e320 ./Core/Src/stm32f1xx_it.o
 .debug_str     0x000847c6    0x7e336 ./Core/Src/system_stm32f1xx.o
 .debug_str     0x000847c6       0x74 ./Core/Startup/startup_stm32f103c8tx.o
 .debug_str     0x000847c6    0x7ea69 ./Drivers/STM32F1xx_HAL_Driver/Src/stm32f1xx_hal.o
 .debug_str     0x000847c6    0x7e9b5 ./Drivers/STM32F1xx_HAL_Driver/Src/stm32f1xx_hal_cortex.o
 .debug_str     0x000847c6    0x7e6bc ./Drivers/STM32F1xx_HAL_Driver/Src/stm32f1xx_hal_gpio.o
 .debug_str     0x000847c6    0x7f3fd ./Drivers/STM32F1xx_HAL_Driver/Src/stm32f1xx_hal_i2c.o
 .debug_str     0x000847c6    0x7e765 ./Drivers/STM32F1xx_HAL_Driver/Src/stm32f1xx_hal_rcc.o
 .debug_str     0x000847c6    0x7e4b5 ./Drivers/STM32F1xx_HAL_Driver/Src/stm32f1xx_hal_rcc_ex.o
 .debug_str     0x000847c6    0x7edd6 ./Drivers/STM32F1xx_HAL_Driver/Src/stm32f1xx_hal_uart.o

.comment        0x00000000       0x43
 .comment       0x00000000       0x43 ./Core/Src/bmp180_for_stm32_hal.o
                                 0x44 (size before relaxing)
 .comment       0x00000043       0x44 ./Core/Src/main.o
 .comment       0x00000043       0x44 ./Core/Src/stm32f1xx_hal_msp.o
 .comment       0x00000043       0x44 ./Core/Src/stm32f1xx_it.o
 .comment       0x00000043       0x44 ./Core/Src/system_stm32f1xx.o
 .comment       0x00000043       0x44 ./Drivers/STM32F1xx_HAL_Driver/Src/stm32f1xx_hal.o
 .comment       0x00000043       0x44 ./Drivers/STM32F1xx_HAL_Driver/Src/stm32f1xx_hal_cortex.o
 .comment       0x00000043       0x44 ./Drivers/STM32F1xx_HAL_Driver/Src/stm32f1xx_hal_gpio.o
 .comment       0x00000043       0x44 ./Drivers/STM32F1xx_HAL_Driver/Src/stm32f1xx_hal_i2c.o
 .comment       0x00000043       0x44 ./Drivers/STM32F1xx_HAL_Driver/Src/stm32f1xx_hal_rcc.o
 .comment       0x00000043       0x44 ./Drivers/STM32F1xx_HAL_Driver/Src/stm32f1xx_hal_rcc_ex.o
 .comment       0x00000043       0x44 ./Drivers/STM32F1xx_HAL_Driver/Src/stm32f1xx_hal_uart.o

.debug_frame    0x00000000     0x25c8
 .debug_frame   0x00000000      0x17c ./Core/Src/bmp180_for_stm32_hal.o
 .debug_frame   0x0000017c       0xd4 ./Core/Src/main.o
 .debug_frame   0x00000250       0xc8 ./Core/Src/stm32f1xx_hal_msp.o
 .debug_frame   0x00000318      0x104 ./Core/Src/stm32f1xx_it.o
 .debug_frame   0x0000041c       0x58 ./Core/Src/system_stm32f1xx.o
 .debug_frame   0x00000474      0x334 ./Drivers/STM32F1xx_HAL_Driver/Src/stm32f1xx_hal.o
 .debug_frame   0x000007a8      0x428 ./Drivers/STM32F1xx_HAL_Driver/Src/stm32f1xx_hal_cortex.o
 .debug_frame   0x00000bd0      0x14c ./Drivers/STM32F1xx_HAL_Driver/Src/stm32f1xx_hal_gpio.o
 .debug_frame   0x00000d1c      0xc84 ./Drivers/STM32F1xx_HAL_Driver/Src/stm32f1xx_hal_i2c.o
 .debug_frame   0x000019a0      0x218 ./Drivers/STM32F1xx_HAL_Driver/Src/stm32f1xx_hal_rcc.o
 .debug_frame   0x00001bb8       0x80 ./Drivers/STM32F1xx_HAL_Driver/Src/stm32f1xx_hal_rcc_ex.o
 .debug_frame   0x00001c38      0x944 ./Drivers/STM32F1xx_HAL_Driver/Src/stm32f1xx_hal_uart.o
 .debug_frame   0x0000257c       0x20 D:/App/cubeide/data/STM32CubeIDE_1.18.1/STM32CubeIDE/plugins/com.st.stm32cube.ide.mcu.externaltools.gnu-tools-for-stm32.13.3.rel1.win32_1.0.0.202411081344/tools/bin/../lib/gcc/arm-none-eabi/13.3.1/../../../../arm-none-eabi/lib/thumb/v7-m/nofp\libc_nano.a(libc_a-memset.o)
 .debug_frame   0x0000259c       0x2c D:/App/cubeide/data/STM32CubeIDE_1.18.1/STM32CubeIDE/plugins/com.st.stm32cube.ide.mcu.externaltools.gnu-tools-for-stm32.13.3.rel1.win32_1.0.0.202411081344/tools/bin/../lib/gcc/arm-none-eabi/13.3.1/../../../../arm-none-eabi/lib/thumb/v7-m/nofp\libc_nano.a(libc_a-init.o)

.debug_line_str
                0x00000000       0x58
 .debug_line_str
                0x00000000       0x58 ./Core/Startup/startup_stm32f103c8tx.o
