Archive member included to satisfy reference by file (symbol)

D:/App/cubeide/data/STM32CubeIDE_1.18.1/STM32CubeIDE/plugins/com.st.stm32cube.ide.mcu.externaltools.gnu-tools-for-stm32.13.3.rel1.win32_1.0.0.202411081344/tools/bin/../lib/gcc/arm-none-eabi/13.3.1/../../../../arm-none-eabi/lib/thumb/v7-m/nofp\libc_nano.a(libc_a-exit.o)
                              D:/App/cubeide/data/STM32CubeIDE_1.18.1/STM32CubeIDE/plugins/com.st.stm32cube.ide.mcu.externaltools.gnu-tools-for-stm32.13.3.rel1.win32_1.0.0.202411081344/tools/bin/../lib/gcc/arm-none-eabi/13.3.1/../../../../arm-none-eabi/lib/thumb/v7-m/nofp/crt0.o (exit)
D:/App/cubeide/data/STM32CubeIDE_1.18.1/STM32CubeIDE/plugins/com.st.stm32cube.ide.mcu.externaltools.gnu-tools-for-stm32.13.3.rel1.win32_1.0.0.202411081344/tools/bin/../lib/gcc/arm-none-eabi/13.3.1/../../../../arm-none-eabi/lib/thumb/v7-m/nofp\libc_nano.a(libc_a-findfp.o)
                              D:/App/cubeide/data/STM32CubeIDE_1.18.1/STM32CubeIDE/plugins/com.st.stm32cube.ide.mcu.externaltools.gnu-tools-for-stm32.13.3.rel1.win32_1.0.0.202411081344/tools/bin/../lib/gcc/arm-none-eabi/13.3.1/../../../../arm-none-eabi/lib/thumb/v7-m/nofp\libc_nano.a(libc_a-exit.o) (__stdio_exit_handler)
D:/App/cubeide/data/STM32CubeIDE_1.18.1/STM32CubeIDE/plugins/com.st.stm32cube.ide.mcu.externaltools.gnu-tools-for-stm32.13.3.rel1.win32_1.0.0.202411081344/tools/bin/../lib/gcc/arm-none-eabi/13.3.1/../../../../arm-none-eabi/lib/thumb/v7-m/nofp\libc_nano.a(libc_a-fwalk.o)
                              D:/App/cubeide/data/STM32CubeIDE_1.18.1/STM32CubeIDE/plugins/com.st.stm32cube.ide.mcu.externaltools.gnu-tools-for-stm32.13.3.rel1.win32_1.0.0.202411081344/tools/bin/../lib/gcc/arm-none-eabi/13.3.1/../../../../arm-none-eabi/lib/thumb/v7-m/nofp\libc_nano.a(libc_a-findfp.o) (_fwalk_sglue)
D:/App/cubeide/data/STM32CubeIDE_1.18.1/STM32CubeIDE/plugins/com.st.stm32cube.ide.mcu.externaltools.gnu-tools-for-stm32.13.3.rel1.win32_1.0.0.202411081344/tools/bin/../lib/gcc/arm-none-eabi/13.3.1/../../../../arm-none-eabi/lib/thumb/v7-m/nofp\libc_nano.a(libc_a-stdio.o)
                              D:/App/cubeide/data/STM32CubeIDE_1.18.1/STM32CubeIDE/plugins/com.st.stm32cube.ide.mcu.externaltools.gnu-tools-for-stm32.13.3.rel1.win32_1.0.0.202411081344/tools/bin/../lib/gcc/arm-none-eabi/13.3.1/../../../../arm-none-eabi/lib/thumb/v7-m/nofp\libc_nano.a(libc_a-findfp.o) (__sread)
D:/App/cubeide/data/STM32CubeIDE_1.18.1/STM32CubeIDE/plugins/com.st.stm32cube.ide.mcu.externaltools.gnu-tools-for-stm32.13.3.rel1.win32_1.0.0.202411081344/tools/bin/../lib/gcc/arm-none-eabi/13.3.1/../../../../arm-none-eabi/lib/thumb/v7-m/nofp\libc_nano.a(libc_a-memset.o)
                              D:/App/cubeide/data/STM32CubeIDE_1.18.1/STM32CubeIDE/plugins/com.st.stm32cube.ide.mcu.externaltools.gnu-tools-for-stm32.13.3.rel1.win32_1.0.0.202411081344/tools/bin/../lib/gcc/arm-none-eabi/13.3.1/../../../../arm-none-eabi/lib/thumb/v7-m/nofp/crt0.o (memset)
D:/App/cubeide/data/STM32CubeIDE_1.18.1/STM32CubeIDE/plugins/com.st.stm32cube.ide.mcu.externaltools.gnu-tools-for-stm32.13.3.rel1.win32_1.0.0.202411081344/tools/bin/../lib/gcc/arm-none-eabi/13.3.1/../../../../arm-none-eabi/lib/thumb/v7-m/nofp\libc_nano.a(libc_a-closer.o)
                              D:/App/cubeide/data/STM32CubeIDE_1.18.1/STM32CubeIDE/plugins/com.st.stm32cube.ide.mcu.externaltools.gnu-tools-for-stm32.13.3.rel1.win32_1.0.0.202411081344/tools/bin/../lib/gcc/arm-none-eabi/13.3.1/../../../../arm-none-eabi/lib/thumb/v7-m/nofp\libc_nano.a(libc_a-stdio.o) (_close_r)
D:/App/cubeide/data/STM32CubeIDE_1.18.1/STM32CubeIDE/plugins/com.st.stm32cube.ide.mcu.externaltools.gnu-tools-for-stm32.13.3.rel1.win32_1.0.0.202411081344/tools/bin/../lib/gcc/arm-none-eabi/13.3.1/../../../../arm-none-eabi/lib/thumb/v7-m/nofp\libc_nano.a(libc_a-reent.o)
                              D:/App/cubeide/data/STM32CubeIDE_1.18.1/STM32CubeIDE/plugins/com.st.stm32cube.ide.mcu.externaltools.gnu-tools-for-stm32.13.3.rel1.win32_1.0.0.202411081344/tools/bin/../lib/gcc/arm-none-eabi/13.3.1/../../../../arm-none-eabi/lib/thumb/v7-m/nofp\libc_nano.a(libc_a-closer.o) (errno)
D:/App/cubeide/data/STM32CubeIDE_1.18.1/STM32CubeIDE/plugins/com.st.stm32cube.ide.mcu.externaltools.gnu-tools-for-stm32.13.3.rel1.win32_1.0.0.202411081344/tools/bin/../lib/gcc/arm-none-eabi/13.3.1/../../../../arm-none-eabi/lib/thumb/v7-m/nofp\libc_nano.a(libc_a-impure.o)
                              D:/App/cubeide/data/STM32CubeIDE_1.18.1/STM32CubeIDE/plugins/com.st.stm32cube.ide.mcu.externaltools.gnu-tools-for-stm32.13.3.rel1.win32_1.0.0.202411081344/tools/bin/../lib/gcc/arm-none-eabi/13.3.1/../../../../arm-none-eabi/lib/thumb/v7-m/nofp\libc_nano.a(libc_a-reent.o) (_impure_ptr)
D:/App/cubeide/data/STM32CubeIDE_1.18.1/STM32CubeIDE/plugins/com.st.stm32cube.ide.mcu.externaltools.gnu-tools-for-stm32.13.3.rel1.win32_1.0.0.202411081344/tools/bin/../lib/gcc/arm-none-eabi/13.3.1/../../../../arm-none-eabi/lib/thumb/v7-m/nofp\libc_nano.a(libc_a-lseekr.o)
[...]
Memory Configuration

Name             Origin             Length             Attributes
RAM              0x20000000         0x00005000         xrw
FLASH            0x08000000         0x00010000         xr
*default*        0x00000000         0xffffffff

Linker script and memory map

LOAD D:/App/cubeide/data/STM32CubeIDE_1.18.1/STM32CubeIDE/plugins/com.st.stm32cube.ide.mcu.externaltools.gnu-tools-for-stm32.13.3.rel1.win32_1.0.0.202411081344/tools/bin/../lib/gcc/arm-none-eabi/13.3.1/thumb/v7-m/nofp/crti.o
LOAD D:/App/cubeide/data/STM32CubeIDE_1.18.1/STM32CubeIDE/plugins/com.st.stm32cube.ide.mcu.externaltools.gnu-tools-for-stm32.13.3.rel1.win32_1.0.0.202411081344/tools/bin/../lib/gcc/arm-none-eabi/13.3.1/thumb/v7-m/nofp/crtbegin.o
LOAD D:/App/cubeide/data/STM32CubeIDE_1.18.1/STM32CubeIDE/plugins/com.st.stm32cube.ide.mcu.externaltools.gnu-tools-for-stm32.13.3.rel1.win32_1.0.0.202411081344/tools/bin/../lib/gcc/arm-none-eabi/13.3.1/../../../../arm-none-eabi/lib/thumb/v7-m/nofp/crt0.o
LOAD ./Core/Src/freertos.o
LOAD ./Core/Src/main.o
LOAD ./Core/Src/stm32f1xx_hal_msp.o
LOAD ./Core/Src/stm32f1xx_it.o
LOAD ./Core/Src/syscalls.o
LOAD ./Core/Src/sysmem.o
LOAD ./Core/Src/system_stm32f1xx.o
LOAD ./Core/Startup/startup_stm32f103c8tx.o
LOAD ./Drivers/STM32F1xx_HAL_Driver/Src/stm32f1xx_hal.o
LOAD ./Drivers/STM32F1xx_HAL_Driver/Src/stm32f1xx_hal_cortex.o
LOAD ./Drivers/STM32F1xx_HAL_Driver/Src/stm32f1xx_hal_dma.o
LOAD ./Drivers/STM32F1xx_HAL_Driver/Src/stm32f1xx_hal_exti.o
LOAD ./Drivers/STM32F1xx_HAL_Driver/Src/stm32f1xx_hal_flash.o
LOAD ./Drivers/STM32F1xx_HAL_Driver/Src/stm32f1xx_hal_flash_ex.o
LOAD ./Drivers/STM32F1xx_HAL_Driver/Src/stm32f1xx_hal_gpio.o
LOAD ./Drivers/STM32F1xx_HAL_Driver/Src/stm32f1xx_hal_gpio_ex.o
LOAD ./Drivers/STM32F1xx_HAL_Driver/Src/stm32f1xx_hal_i2c.o
LOAD ./Drivers/STM32F1xx_HAL_Driver/Src/stm32f1xx_hal_pwr.o
LOAD ./Drivers/STM32F1xx_HAL_Driver/Src/stm32f1xx_hal_rcc.o
LOAD ./Drivers/STM32F1xx_HAL_Driver/Src/stm32f1xx_hal_rcc_ex.o
LOAD ./Drivers/STM32F1xx_HAL_Driver/Src/stm32f1xx_hal_uart.o
LOAD ./Middlewares/Third_Party/FreeRTOS/Source/CMSIS_RTOS/cmsis_os.o
LOAD ./Middlewares/Third_Party/FreeRTOS/Source/croutine.o
LOAD ./Middlewares/Third_Party/FreeRTOS/Source/event_groups.o
LOAD ./Middlewares/Third_Party/FreeRTOS/Source/list.o
LOAD ./Middlewares/Third_Party/FreeRTOS/Source/queue.o
LOAD ./Middlewares/Third_Party/FreeRTOS/Source/stream_buffer.o
LOAD ./Middlewares/Third_Party/FreeRTOS/Source/tasks.o
LOAD ./Middlewares/Third_Party/FreeRTOS/Source/timers.o
LOAD ./Middlewares/Third_Party/FreeRTOS/Source/portable/GCC/ARM_CM3/port.o
LOAD ./Middlewares/Third_Party/FreeRTOS/Source/portable/MemMang/heap_4.o
START GROUP
LOAD D:/App/cubeide/data/STM32CubeIDE_1.18.1/STM32CubeIDE/plugins/com.st.stm32cube.ide.mcu.externaltools.gnu-tools-for-stm32.13.3.rel1.win32_1.0.0.202411081344/tools/bin/../lib/gcc/arm-none-eabi/13.3.1/../../../../arm-none-eabi/lib/thumb/v7-m/nofp\libc_nano.a
LOAD D:/App/cubeide/data/STM32CubeIDE_1.18.1/STM32CubeIDE/plugins/com.st.stm32cube.ide.mcu.externaltools.gnu-tools-for-stm32.13.3.rel1.win32_1.0.0.202411081344/tools/bin/../lib/gcc/arm-none-eabi/13.3.1/../../../../arm-none-eabi/lib/thumb/v7-m/nofp\libm.a
END GROUP
START GROUP
LOAD D:/App/cubeide/data/STM32CubeIDE_1.18.1/STM32CubeIDE/plugins/com.st.stm32cube.ide.mcu.externaltools.gnu-tools-for-stm32.13.3.rel1.win32_1.0.0.202411081344/tools/bin/../lib/gcc/arm-none-eabi/13.3.1/thumb/v7-m/nofp\libgcc.a
LOAD D:/App/cubeide/data/STM32CubeIDE_1.18.1/STM32CubeIDE/plugins/com.st.stm32cube.ide.mcu.externaltools.gnu-tools-for-stm32.13.3.rel1.win32_1.0.0.202411081344/tools/bin/../lib/gcc/arm-none-eabi/13.3.1/../../../../arm-none-eabi/lib/thumb/v7-m/nofp\libc_nano.a
END GROUP
START GROUP
LOAD D:/App/cubeide/data/STM32CubeIDE_1.18.1/STM32CubeIDE/plugins/com.st.stm32cube.ide.mcu.externaltools.gnu-tools-for-stm32.13.3.rel1.win32_1.0.0.202411081344/tools/bin/../lib/gcc/arm-none-eabi/13.3.1/thumb/v7-m/nofp\libgcc.a
LOAD D:/App/cubeide/data/STM32CubeIDE_1.18.1/STM32CubeIDE/plugins/com.st.stm32cube.ide.mcu.externaltools.gnu-tools-for-stm32.13.3.rel1.win32_1.0.0.202411081344/tools/bin/../lib/gcc/arm-none-eabi/13.3.1/../../../../arm-none-eabi/lib/thumb/v7-m/nofp\libc_nano.a
LOAD D:/App/cubeide/data/STM32CubeIDE_1.18.1/STM32CubeIDE/plugins/com.st.stm32cube.ide.mcu.externaltools.gnu-tools-for-stm32.13.3.rel1.win32_1.0.0.202411081344/tools/bin/../lib/gcc/arm-none-eabi/13.3.1/../../../../arm-none-eabi/lib/thumb/v7-m/nofp\libnosys.a
END GROUP
START GROUP
LOAD D:/App/cubeide/data/STM32CubeIDE_1.18.1/STM32CubeIDE/plugins/com.st.stm32cube.ide.mcu.externaltools.gnu-tools-for-stm32.13.3.rel1.win32_1.0.0.202411081344/tools/bin/../lib/gcc/arm-none-eabi/13.3.1/thumb/v7-m/nofp\libgcc.a
LOAD D:/App/cubeide/data/STM32CubeIDE_1.18.1/STM32CubeIDE/plugins/com.st.stm32cube.ide.mcu.externaltools.gnu-tools-for-stm32.13.3.rel1.win32_1.0.0.202411081344/tools/bin/../lib/gcc/arm-none-eabi/13.3.1/../../../../arm-none-eabi/lib/thumb/v7-m/nofp\libc_nano.a
LOAD D:/App/cubeide/data/STM32CubeIDE_1.18.1/STM32CubeIDE/plugins/com.st.stm32cube.ide.mcu.externaltools.gnu-tools-for-stm32.13.3.rel1.win32_1.0.0.202411081344/tools/bin/../lib/gcc/arm-none-eabi/13.3.1/../../../../arm-none-eabi/lib/thumb/v7-m/nofp\libnosys.a
END GROUP
LOAD D:/App/cubeide/data/STM32CubeIDE_1.18.1/STM32CubeIDE/plugins/com.st.stm32cube.ide.mcu.externaltools.gnu-tools-for-stm32.13.3.rel1.win32_1.0.0.202411081344/tools/bin/../lib/gcc/arm-none-eabi/13.3.1/thumb/v7-m/nofp/crtend.o
LOAD D:/App/cubeide/data/STM32CubeIDE_1.18.1/STM32CubeIDE/plugins/com.st.stm32cube.ide.mcu.externaltools.gnu-tools-for-stm32.13.3.rel1.win32_1.0.0.202411081344/tools/bin/../lib/gcc/arm-none-eabi/13.3.1/thumb/v7-m/nofp/crtn.o
                0x20005000                        _estack = (ORIGIN (RAM) + LENGTH (RAM))
                0x00000200                        _Min_Heap_Size = 0x200
                0x00000400                        _Min_Stack_Size = 0x400

.isr_vector     0x08000000      0x10c
                0x08000000                        . = ALIGN (0x4)
 *(.isr_vector)
 .isr_vector    0x08000000      0x10c ./Core/Startup/startup_stm32f103c8tx.o
                0x08000000                g_pfnVectors
                0x0800010c                        . = ALIGN (0x4)

.text           0x08000110     0x5bb4
                0x08000110                        . = ALIGN (0x4)
 *(.text)
 .text          0x08000110       0x40 D:/App/cubeide/data/STM32CubeIDE_1.18.1/STM32CubeIDE/plugins/com.st.stm32cube.ide.mcu.externaltools.gnu-tools-for-stm32.13.3.rel1.win32_1.0.0.202411081344/tools/bin/../lib/gcc/arm-none-eabi/13.3.1/thumb/v7-m/nofp/crtbegin.o
 *(.text*)
 .text.vApplicationGetIdleTaskMemory
                0x08000150       0x30 ./Core/Src/freertos.o
                0x08000150                vApplicationGetIdleTaskMemory
 .text.BMP180_Read16
                0x08000180       0x44 ./Core/Src/main.o
                0x08000180                BMP180_Read16
 .text.BMP180_ReadCalibration
                0x080001c4       0xd0 ./Core/Src/main.o
                0x080001c4                BMP180_ReadCalibration
 .text.BMP180_ReadTemperature
                0x08000294       0xac ./Core/Src/main.o
                0x08000294                BMP180_ReadTemperature
 .text.Modbus_CRC16
                0x08000340       0x90 ./Core/Src/main.o
                0x08000340                Modbus_CRC16
 .text.HAL_UART_RxCpltCallback
                0x080003d0       0x9c ./Core/Src/main.o
                0x080003d0                HAL_UART_RxCpltCallback
 .text.HAL_UART_TxCpltCallback
                0x0800046c       0x12 ./Core/Src/main.o
                0x0800046c                HAL_UART_TxCpltCallback
 *fill*         0x0800047e        0x2 
 .text.FREERTOS_Init
                0x08000480       0x4c ./Core/Src/main.o
                0x08000480                FREERTOS_Init
 .text.main     0x080004cc       0x84 ./Core/Src/main.o
                0x080004cc                main
 .text.SystemClock_Config
                0x08000550       0x76 ./Core/Src/main.o
                0x08000550                SystemClock_Config
 *fill*         0x080005c6        0x2 
 .text.MX_I2C1_Init
                0x080005c8       0x5c ./Core/Src/main.o
 .text.MX_USART1_UART_Init
                0x08000624       0x54 ./Core/Src/main.o
 .text.MX_GPIO_Init
                0x08000678       0x5c ./Core/Src/main.o
 .text.SendDataTask
                0x080006d4       0x80 ./Core/Src/main.o
                0x080006d4                SendDataTask
 .text.StartDefaultTask
                0x08000754       0x34 ./Core/Src/main.o
                0x08000754                StartDefaultTask
 .text.Error_Handler
                0x08000788        0xc ./Core/Src/main.o
                0x08000788                Error_Handler
 .text.HAL_MspInit
                0x08000794       0x70 ./Core/Src/stm32f1xx_hal_msp.o
                0x08000794                HAL_MspInit
 .text.HAL_I2C_MspInit
                0x08000804       0x7c ./Core/Src/stm32f1xx_hal_msp.o
                0x08000804                HAL_I2C_MspInit
 .text.HAL_UART_MspInit
                0x08000880       0xa8 ./Core/Src/stm32f1xx_hal_msp.o
                0x08000880                HAL_UART_MspInit
 .text.NMI_Handler
                0x08000928        0x8 ./Core/Src/stm32f1xx_it.o
                0x08000928                NMI_Handler
 .text.HardFault_Handler
                0x08000930        0x8 ./Core/Src/stm32f1xx_it.o
                0x08000930                HardFault_Handler
 .text.MemManage_Handler
                0x08000938        0x8 ./Core/Src/stm32f1xx_it.o
                0x08000938                MemManage_Handler
 .text.BusFault_Handler
                0x08000940        0x8 ./Core/Src/stm32f1xx_it.o
                0x08000940                BusFault_Handler
 .text.UsageFault_Handler
                0x08000948        0x8 ./Core/Src/stm32f1xx_it.o
                0x08000948                UsageFault_Handler
 .text.DebugMon_Handler
                0x08000950        0xc ./Core/Src/stm32f1xx_it.o
                0x08000950                DebugMon_Handler
 .text.SysTick_Handler
                0x0800095c       0x1a ./Core/Src/stm32f1xx_it.o
                0x0800095c                SysTick_Handler
 *fill*         0x08000976        0x2 
 .text.USART1_IRQHandler
                0x08000978       0x14 ./Core/Src/stm32f1xx_it.o
                0x08000978                USART1_IRQHandler
 .text.SystemInit
                0x0800098c        0xc ./Core/Src/system_stm32f1xx.o
                0x0800098c                SystemInit
 .text.Reset_Handler
                0x08000998       0x48 ./Core/Startup/startup_stm32f103c8tx.o
                0x08000998                Reset_Handler
 .text.Default_Handler
                0x080009e0        0x2 ./Core/Startup/startup_stm32f103c8tx.o
                0x080009e0                RTC_Alarm_IRQHandler
                0x080009e0                EXTI2_IRQHandler
                0x080009e0                TIM1_CC_IRQHandler
                0x080009e0                PVD_IRQHandler
                0x080009e0                EXTI3_IRQHandler
                0x080009e0                EXTI0_IRQHandler
                0x080009e0                I2C2_EV_IRQHandler
                0x080009e0                ADC1_2_IRQHandler
                0x080009e0                SPI1_IRQHandler
                0x080009e0                TAMPER_IRQHandler
                0x080009e0                DMA1_Channel4_IRQHandler
                0x080009e0                USART3_IRQHandler
                0x080009e0                RTC_IRQHandler
                0x080009e0                DMA1_Channel7_IRQHandler
                0x080009e0                CAN1_RX1_IRQHandler
                0x080009e0                TIM4_IRQHandler
                0x080009e0                I2C1_EV_IRQHandler
                0x080009e0                DMA1_Channel6_IRQHandler
                0x080009e0                TIM3_IRQHandler
                0x080009e0                RCC_IRQHandler
                0x080009e0                TIM1_TRG_COM_IRQHandler
                0x080009e0                DMA1_Channel1_IRQHandler
                0x080009e0                Default_Handler
                0x080009e0                EXTI15_10_IRQHandler
                0x080009e0                EXTI9_5_IRQHandler
                0x080009e0                SPI2_IRQHandler
                0x080009e0                DMA1_Channel5_IRQHandler
                0x080009e0                EXTI4_IRQHandler
                0x080009e0                USB_LP_CAN1_RX0_IRQHandler
                0x080009e0                USB_HP_CAN1_TX_IRQHandler
                0x080009e0                DMA1_Channel3_IRQHandler
                0x080009e0                TIM1_UP_IRQHandler
                0x080009e0                WWDG_IRQHandler
                0x080009e0                TIM2_IRQHandler
                0x080009e0                TIM1_BRK_IRQHandler
                0x080009e0                EXTI1_IRQHandler
                0x080009e0                USART2_IRQHandler
                0x080009e0                I2C2_ER_IRQHandler
                0x080009e0                DMA1_Channel2_IRQHandler
                0x080009e0                CAN1_SCE_IRQHandler
                0x080009e0                FLASH_IRQHandler
                0x080009e0                I2C1_ER_IRQHandler
                0x080009e0                USBWakeUp_IRQHandler
 *fill*         0x080009e2        0x2 
 .text.HAL_Init
                0x080009e4       0x2c ./Drivers/STM32F1xx_HAL_Driver/Src/stm32f1xx_hal.o
                0x080009e4                HAL_Init
 .text.HAL_InitTick
                0x08000a10       0x60 ./Drivers/STM32F1xx_HAL_Driver/Src/stm32f1xx_hal.o
                0x08000a10                HAL_InitTick
 .text.HAL_IncTick
                0x08000a70       0x24 ./Drivers/STM32F1xx_HAL_Driver/Src/stm32f1xx_hal.o
                0x08000a70                HAL_IncTick
 .text.HAL_GetTick
                0x08000a94       0x14 ./Drivers/STM32F1xx_HAL_Driver/Src/stm32f1xx_hal.o
                0x08000a94                HAL_GetTick
 .text.__NVIC_SetPriorityGrouping
                0x08000aa8       0x48 ./Drivers/STM32F1xx_HAL_Driver/Src/stm32f1xx_hal_cortex.o
 .text.__NVIC_GetPriorityGrouping
                0x08000af0       0x1c ./Drivers/STM32F1xx_HAL_Driver/Src/stm32f1xx_hal_cortex.o
 .text.__NVIC_EnableIRQ
                0x08000b0c       0x38 ./Drivers/STM32F1xx_HAL_Driver/Src/stm32f1xx_hal_cortex.o
 .text.__NVIC_SetPriority
                0x08000b44       0x54 ./Drivers/STM32F1xx_HAL_Driver/Src/stm32f1xx_hal_cortex.o
 .text.NVIC_EncodePriority
                0x08000b98       0x64 ./Drivers/STM32F1xx_HAL_Driver/Src/stm32f1xx_hal_cortex.o
 .text.SysTick_Config
                0x08000bfc       0x44 ./Drivers/STM32F1xx_HAL_Driver/Src/stm32f1xx_hal_cortex.o
 .text.HAL_NVIC_SetPriorityGrouping
                0x08000c40       0x16 ./Drivers/STM32F1xx_HAL_Driver/Src/stm32f1xx_hal_cortex.o
                0x08000c40                HAL_NVIC_SetPriorityGrouping
 .text.HAL_NVIC_SetPriority
                0x08000c56       0x38 ./Drivers/STM32F1xx_HAL_Driver/Src/stm32f1xx_hal_cortex.o
                0x08000c56                HAL_NVIC_SetPriority
 .text.HAL_NVIC_EnableIRQ
                0x08000c8e       0x1c ./Drivers/STM32F1xx_HAL_Driver/Src/stm32f1xx_hal_cortex.o
                0x08000c8e                HAL_NVIC_EnableIRQ
 .text.HAL_SYSTICK_Config
                0x08000caa       0x18 ./Drivers/STM32F1xx_HAL_Driver/Src/stm32f1xx_hal_cortex.o
                0x08000caa                HAL_SYSTICK_Config
 .text.HAL_DMA_Abort
                0x08000cc2       0x76 ./Drivers/STM32F1xx_HAL_Driver/Src/stm32f1xx_hal_dma.o
                0x08000cc2                HAL_DMA_Abort
 .text.HAL_DMA_Abort_IT
                0x08000d38       0xf0 ./Drivers/STM32F1xx_HAL_Driver/Src/stm32f1xx_hal_dma.o
                0x08000d38                HAL_DMA_Abort_IT
 .text.HAL_GPIO_Init
                0x08000e28      0x308 ./Drivers/STM32F1xx_HAL_Driver/Src/stm32f1xx_hal_gpio.o
                0x08000e28                HAL_GPIO_Init
 .text.HAL_I2C_Init
                0x08001130      0x288 ./Drivers/STM32F1xx_HAL_Driver/Src/stm32f1xx_hal_i2c.o
                0x08001130                HAL_I2C_Init
 .text.HAL_I2C_Mem_Write
                0x080013b8      0x1f4 ./Drivers/STM32F1xx_HAL_Driver/Src/stm32f1xx_hal_i2c.o
                0x080013b8                HAL_I2C_Mem_Write
 .text.HAL_I2C_Mem_Read
                0x080015ac      0x4e8 ./Drivers/STM32F1xx_HAL_Driver/Src/stm32f1xx_hal_i2c.o
                0x080015ac                HAL_I2C_Mem_Read
 .text.I2C_RequestMemoryWrite
                0x08001a94      0x12c ./Drivers/STM32F1xx_HAL_Driver/Src/stm32f1xx_hal_i2c.o
 .text.I2C_RequestMemoryRead
                0x08001bc0      0x1d0 ./Drivers/STM32F1xx_HAL_Driver/Src/stm32f1xx_hal_i2c.o
 .text.I2C_WaitOnFlagUntilTimeout
                0x08001d90       0xf4 ./Drivers/STM32F1xx_HAL_Driver/Src/stm32f1xx_hal_i2c.o
 .text.I2C_WaitOnMasterAddressFlagUntilTimeout
                0x08001e84      0x140 ./Drivers/STM32F1xx_HAL_Driver/Src/stm32f1xx_hal_i2c.o
 .text.I2C_WaitOnTXEFlagUntilTimeout
                0x08001fc4       0x90 ./Drivers/STM32F1xx_HAL_Driver/Src/stm32f1xx_hal_i2c.o
 .text.I2C_WaitOnBTFFlagUntilTimeout
                0x08002054       0x90 ./Drivers/STM32F1xx_HAL_Driver/Src/stm32f1xx_hal_i2c.o
 .text.I2C_WaitOnRXNEFlagUntilTimeout
                0x080020e4       0xba ./Drivers/STM32F1xx_HAL_Driver/Src/stm32f1xx_hal_i2c.o
 .text.I2C_IsAcknowledgeFailed
                0x0800219e       0x5c ./Drivers/STM32F1xx_HAL_Driver/Src/stm32f1xx_hal_i2c.o
 *fill*         0x080021fa        0x2 
 .text.HAL_RCC_OscConfig
                0x080021fc      0x504 ./Drivers/STM32F1xx_HAL_Driver/Src/stm32f1xx_hal_rcc.o
                0x080021fc                HAL_RCC_OscConfig
 .text.HAL_RCC_ClockConfig
                0x08002700      0x1d4 ./Drivers/STM32F1xx_HAL_Driver/Src/stm32f1xx_hal_rcc.o
                0x08002700                HAL_RCC_ClockConfig
 .text.HAL_RCC_GetSysClockFreq
                0x080028d4       0xa8 ./Drivers/STM32F1xx_HAL_Driver/Src/stm32f1xx_hal_rcc.o
                0x080028d4                HAL_RCC_GetSysClockFreq
 .text.HAL_RCC_GetHCLKFreq
                0x0800297c       0x14 ./Drivers/STM32F1xx_HAL_Driver/Src/stm32f1xx_hal_rcc.o
                0x0800297c                HAL_RCC_GetHCLKFreq
 .text.HAL_RCC_GetPCLK1Freq
                0x08002990       0x28 ./Drivers/STM32F1xx_HAL_Driver/Src/stm32f1xx_hal_rcc.o
                0x08002990                HAL_RCC_GetPCLK1Freq
 .text.HAL_RCC_GetPCLK2Freq
                0x080029b8       0x28 ./Drivers/STM32F1xx_HAL_Driver/Src/stm32f1xx_hal_rcc.o
                0x080029b8                HAL_RCC_GetPCLK2Freq
 .text.RCC_Delay
                0x080029e0       0x3c ./Drivers/STM32F1xx_HAL_Driver/Src/stm32f1xx_hal_rcc.o
 .text.HAL_UART_Init
                0x08002a1c       0xa0 ./Drivers/STM32F1xx_HAL_Driver/Src/stm32f1xx_hal_uart.o
                0x08002a1c                HAL_UART_Init
 .text.HAL_UART_Transmit_IT
                0x08002abc       0x6a ./Drivers/STM32F1xx_HAL_Driver/Src/stm32f1xx_hal_uart.o
                0x08002abc                HAL_UART_Transmit_IT
 .text.HAL_UART_Receive_IT
                0x08002b26       0x4a ./Drivers/STM32F1xx_HAL_Driver/Src/stm32f1xx_hal_uart.o
                0x08002b26                HAL_UART_Receive_IT
 .text.HAL_UART_IRQHandler
                0x08002b70      0x524 ./Drivers/STM32F1xx_HAL_Driver/Src/stm32f1xx_hal_uart.o
                0x08002b70                HAL_UART_IRQHandler
 .text.HAL_UART_ErrorCallback
                0x08003094       0x12 ./Drivers/STM32F1xx_HAL_Driver/Src/stm32f1xx_hal_uart.o
                0x08003094                HAL_UART_ErrorCallback
 .text.HAL_UARTEx_RxEventCallback
                0x080030a6       0x16 ./Drivers/STM32F1xx_HAL_Driver/Src/stm32f1xx_hal_uart.o
                0x080030a6                HAL_UARTEx_RxEventCallback
 .text.UART_Start_Receive_IT
                0x080030bc       0x72 ./Drivers/STM32F1xx_HAL_Driver/Src/stm32f1xx_hal_uart.o
                0x080030bc                UART_Start_Receive_IT
 .text.UART_EndRxTransfer
                0x0800312e       0xc4 ./Drivers/STM32F1xx_HAL_Driver/Src/stm32f1xx_hal_uart.o
 .text.UART_DMAAbortOnError
                0x080031f2       0x28 ./Drivers/STM32F1xx_HAL_Driver/Src/stm32f1xx_hal_uart.o
 .text.UART_Transmit_IT
                0x0800321a       0x9e ./Drivers/STM32F1xx_HAL_Driver/Src/stm32f1xx_hal_uart.o
 .text.UART_EndTransmit_IT
                0x080032b8       0x30 ./Drivers/STM32F1xx_HAL_Driver/Src/stm32f1xx_hal_uart.o
 .text.UART_Receive_IT
                0x080032e8      0x17c ./Drivers/STM32F1xx_HAL_Driver/Src/stm32f1xx_hal_uart.o
 .text.UART_SetConfig
                0x08003464      0x11c ./Drivers/STM32F1xx_HAL_Driver/Src/stm32f1xx_hal_uart.o
 .text.makeFreeRtosPriority
                0x08003580       0x2e ./Middlewares/Third_Party/FreeRTOS/Source/CMSIS_RTOS/cmsis_os.o
 .text.inHandlerMode
                0x080035ae       0x22 ./Middlewares/Third_Party/FreeRTOS/Source/CMSIS_RTOS/cmsis_os.o
 .text.osKernelStart
                0x080035d0        0xe ./Middlewares/Third_Party/FreeRTOS/Source/CMSIS_RTOS/cmsis_os.o
                0x080035d0                osKernelStart
 .text.osThreadCreate
                0x080035de       0x98 ./Middlewares/Third_Party/FreeRTOS/Source/CMSIS_RTOS/cmsis_os.o
                0x080035de                osThreadCreate
 .text.osDelay  0x08003676       0x28 ./Middlewares/Third_Party/FreeRTOS/Source/CMSIS_RTOS/cmsis_os.o
                0x08003676                osDelay
 .text.osSemaphoreCreate
                0x0800369e       0x64 ./Middlewares/Third_Party/FreeRTOS/Source/CMSIS_RTOS/cmsis_os.o
                0x0800369e                osSemaphoreCreate
 *fill*         0x08003702        0x2 
 .text.osSemaphoreWait
                0x08003704       0x9c ./Middlewares/Third_Party/FreeRTOS/Source/CMSIS_RTOS/cmsis_os.o
                0x08003704                osSemaphoreWait
 .text.osSemaphoreRelease
                0x080037a0       0x6c ./Middlewares/Third_Party/FreeRTOS/Source/CMSIS_RTOS/cmsis_os.o
                0x080037a0                osSemaphoreRelease
 .text.vListInitialise
                0x0800380c       0x3e ./Middlewares/Third_Party/FreeRTOS/Source/list.o
                0x0800380c                vListInitialise
 .text.vListInitialiseItem
                0x0800384a       0x18 ./Middlewares/Third_Party/FreeRTOS/Source/list.o
                0x0800384a                vListInitialiseItem
 .text.vListInsertEnd
                0x08003862       0x46 ./Middlewares/Third_Party/FreeRTOS/Source/list.o
                0x08003862                vListInsertEnd
 .text.vListInsert
                0x080038a8       0x70 ./Middlewares/Third_Party/FreeRTOS/Source/list.o
                0x080038a8                vListInsert
 .text.uxListRemove
                0x08003918       0x52 ./Middlewares/Third_Party/FreeRTOS/Source/list.o
                0x08003918                uxListRemove
 *fill*         0x0800396a        0x2 
 .text.xQueueGenericReset
                0x0800396c       0xd4 ./Middlewares/Third_Party/FreeRTOS/Source/queue.o
                0x0800396c                xQueueGenericReset
 .text.xQueueGenericCreateStatic
                0x08003a40       0xfa ./Middlewares/Third_Party/FreeRTOS/Source/queue.o
                0x08003a40                xQueueGenericCreateStatic
 .text.xQueueGenericCreate
                0x08003b3a       0x76 ./Middlewares/Third_Party/FreeRTOS/Source/queue.o
                0x08003b3a                xQueueGenericCreate
 .text.prvInitialiseNewQueue
                0x08003bb0       0x3e ./Middlewares/Third_Party/FreeRTOS/Source/queue.o
 *fill*         0x08003bee        0x2 
 .text.xQueueGenericSend
                0x08003bf0      0x204 ./Middlewares/Third_Party/FreeRTOS/Source/queue.o
                0x08003bf0                xQueueGenericSend
 .text.xQueueGiveFromISR
                0x08003df4      0x120 ./Middlewares/Third_Party/FreeRTOS/Source/queue.o
                0x08003df4                xQueueGiveFromISR
 .text.xQueueSemaphoreTake
                0x08003f14      0x220 ./Middlewares/Third_Party/FreeRTOS/Source/queue.o
                0x08003f14                xQueueSemaphoreTake
 .text.xQueueReceiveFromISR
                0x08004134      0x104 ./Middlewares/Third_Party/FreeRTOS/Source/queue.o
                0x08004134                xQueueReceiveFromISR
 .text.prvGetDisinheritPriorityAfterTimeout
                0x08004238       0x2e ./Middlewares/Third_Party/FreeRTOS/Source/queue.o
 .text.prvCopyDataToQueue
                0x08004266       0xd4 ./Middlewares/Third_Party/FreeRTOS/Source/queue.o
 .text.prvCopyDataFromQueue
                0x0800433a       0x4c ./Middlewares/Third_Party/FreeRTOS/Source/queue.o
 .text.prvUnlockQueue
                0x08004386       0xa4 ./Middlewares/Third_Party/FreeRTOS/Source/queue.o
 .text.prvIsQueueEmpty
                0x0800442a       0x2c ./Middlewares/Third_Party/FreeRTOS/Source/queue.o
 .text.prvIsQueueFull
                0x08004456       0x30 ./Middlewares/Third_Party/FreeRTOS/Source/queue.o
 .text.xTaskCreateStatic
                0x08004486       0xc0 ./Middlewares/Third_Party/FreeRTOS/Source/tasks.o
                0x08004486                xTaskCreateStatic
 .text.xTaskCreate
                0x08004546       0x8a ./Middlewares/Third_Party/FreeRTOS/Source/tasks.o
                0x08004546                xTaskCreate
 .text.prvInitialiseNewTask
                0x080045d0      0x110 ./Middlewares/Third_Party/FreeRTOS/Source/tasks.o
 .text.prvAddNewTaskToReadyList
                0x080046e0       0xd4 ./Middlewares/Third_Party/FreeRTOS/Source/tasks.o
 .text.vTaskDelay
                0x080047b4       0x6c ./Middlewares/Third_Party/FreeRTOS/Source/tasks.o
                0x080047b4                vTaskDelay
 .text.vTaskStartScheduler
                0x08004820       0xc4 ./Middlewares/Third_Party/FreeRTOS/Source/tasks.o
                0x08004820                vTaskStartScheduler
 .text.vTaskSuspendAll
                0x080048e4       0x1c ./Middlewares/Third_Party/FreeRTOS/Source/tasks.o
                0x080048e4                vTaskSuspendAll
 .text.xTaskResumeAll
                0x08004900      0x13c ./Middlewares/Third_Party/FreeRTOS/Source/tasks.o
                0x08004900                xTaskResumeAll
 .text.xTaskIncrementTick
                0x08004a3c      0x174 ./Middlewares/Third_Party/FreeRTOS/Source/tasks.o
                0x08004a3c                xTaskIncrementTick
 .text.vTaskSwitchContext
                0x08004bb0       0xb8 ./Middlewares/Third_Party/FreeRTOS/Source/tasks.o
                0x08004bb0                vTaskSwitchContext
 .text.vTaskPlaceOnEventList
                0x08004c68       0x4c ./Middlewares/Third_Party/FreeRTOS/Source/tasks.o
                0x08004c68                vTaskPlaceOnEventList
 .text.xTaskRemoveFromEventList
                0x08004cb4       0xc8 ./Middlewares/Third_Party/FreeRTOS/Source/tasks.o
                0x08004cb4                xTaskRemoveFromEventList
 .text.vTaskInternalSetTimeOutState
                0x08004d7c       0x2c ./Middlewares/Third_Party/FreeRTOS/Source/tasks.o
                0x08004d7c                vTaskInternalSetTimeOutState
 .text.xTaskCheckForTimeOut
                0x08004da8       0xc8 ./Middlewares/Third_Party/FreeRTOS/Source/tasks.o
                0x08004da8                xTaskCheckForTimeOut
 .text.vTaskMissedYield
                0x08004e70       0x18 ./Middlewares/Third_Party/FreeRTOS/Source/tasks.o
                0x08004e70                vTaskMissedYield
 .text.prvIdleTask
                0x08004e88       0x30 ./Middlewares/Third_Party/FreeRTOS/Source/tasks.o
 .text.prvInitialiseTaskLists
                0x08004eb8       0x80 ./Middlewares/Third_Party/FreeRTOS/Source/tasks.o
 .text.prvCheckTasksWaitingTermination
                0x08004f38       0x5c ./Middlewares/Third_Party/FreeRTOS/Source/tasks.o
 .text.prvDeleteTCB
                0x08004f94       0x60 ./Middlewares/Third_Party/FreeRTOS/Source/tasks.o
 .text.prvResetNextTaskUnblockTime
                0x08004ff4       0x40 ./Middlewares/Third_Party/FreeRTOS/Source/tasks.o
 .text.xTaskGetSchedulerState
                0x08005034       0x3c ./Middlewares/Third_Party/FreeRTOS/Source/tasks.o
                0x08005034                xTaskGetSchedulerState
 .text.xTaskPriorityInherit
                0x08005070       0xec ./Middlewares/Third_Party/FreeRTOS/Source/tasks.o
                0x08005070                xTaskPriorityInherit
 .text.xTaskPriorityDisinherit
                0x0800515c      0x110 ./Middlewares/Third_Party/FreeRTOS/Source/tasks.o
                0x0800515c                xTaskPriorityDisinherit
 .text.vTaskPriorityDisinheritAfterTimeout
                0x0800526c      0x120 ./Middlewares/Third_Party/FreeRTOS/Source/tasks.o
                0x0800526c                vTaskPriorityDisinheritAfterTimeout
 .text.pvTaskIncrementMutexHeldCount
                0x0800538c       0x28 ./Middlewares/Third_Party/FreeRTOS/Source/tasks.o
                0x0800538c                pvTaskIncrementMutexHeldCount
 .text.prvAddCurrentTaskToDelayedList
                0x080053b4       0xcc ./Middlewares/Third_Party/FreeRTOS/Source/tasks.o
 .text.pxPortInitialiseStack
                0x08005480       0x58 ./Middlewares/Third_Party/FreeRTOS/Source/portable/GCC/ARM_CM3/port.o
                0x08005480                pxPortInitialiseStack
 .text.prvTaskExitError
                0x080054d8       0x58 ./Middlewares/Third_Party/FreeRTOS/Source/portable/GCC/ARM_CM3/port.o
 .text.SVC_Handler
                0x08005530       0x28 ./Middlewares/Third_Party/FreeRTOS/Source/portable/GCC/ARM_CM3/port.o
                0x08005530                SVC_Handler
 .text.prvPortStartFirstTask
                0x08005558       0x20 ./Middlewares/Third_Party/FreeRTOS/Source/portable/GCC/ARM_CM3/port.o
 .text.xPortStartScheduler
                0x08005578       0xe4 ./Middlewares/Third_Party/FreeRTOS/Source/portable/GCC/ARM_CM3/port.o
                0x08005578                xPortStartScheduler
 .text.vPortEnterCritical
                0x0800565c       0x60 ./Middlewares/Third_Party/FreeRTOS/Source/portable/GCC/ARM_CM3/port.o
                0x0800565c                vPortEnterCritical
 .text.vPortExitCritical
                0x080056bc       0x54 ./Middlewares/Third_Party/FreeRTOS/Source/portable/GCC/ARM_CM3/port.o
                0x080056bc                vPortExitCritical
 .text.PendSV_Handler
                0x08005710       0x48 ./Middlewares/Third_Party/FreeRTOS/Source/portable/GCC/ARM_CM3/port.o
                0x08005710                PendSV_Handler
 .text.xPortSysTickHandler
                0x08005758       0x44 ./Middlewares/Third_Party/FreeRTOS/Source/portable/GCC/ARM_CM3/port.o
                0x08005758                xPortSysTickHandler
 .text.vPortSetupTimerInterrupt
                0x0800579c       0x44 ./Middlewares/Third_Party/FreeRTOS/Source/portable/GCC/ARM_CM3/port.o
                0x0800579c                vPortSetupTimerInterrupt
 .text.vPortValidateInterruptPriority
                0x080057e0       0x80 ./Middlewares/Third_Party/FreeRTOS/Source/portable/GCC/ARM_CM3/port.o
                0x080057e0                vPortValidateInterruptPriority
 .text.pvPortMalloc
                0x08005860      0x19c ./Middlewares/Third_Party/FreeRTOS/Source/portable/MemMang/heap_4.o
                0x08005860                pvPortMalloc
 .text.vPortFree
                0x080059fc       0xc8 ./Middlewares/Third_Party/FreeRTOS/Source/portable/MemMang/heap_4.o
                0x080059fc                vPortFree
 .text.prvHeapInit
                0x08005ac4       0xc4 ./Middlewares/Third_Party/FreeRTOS/Source/portable/MemMang/heap_4.o
 .text.prvInsertBlockIntoFreeList
                0x08005b88       0xb0 ./Middlewares/Third_Party/FreeRTOS/Source/portable/MemMang/heap_4.o
 .text.memset   0x08005c38       0x10 D:/App/cubeide/data/STM32CubeIDE_1.18.1/STM32CubeIDE/plugins/com.st.stm32cube.ide.mcu.externaltools.gnu-tools-for-stm32.13.3.rel1.win32_1.0.0.202411081344/tools/bin/../lib/gcc/arm-none-eabi/13.3.1/../../../../arm-none-eabi/lib/thumb/v7-m/nofp\libc_nano.a(libc_a-memset.o)
                0x08005c38                memset
 .text.__libc_init_array
                0x08005c48       0x48 D:/App/cubeide/data/STM32CubeIDE_1.18.1/STM32CubeIDE/plugins/com.st.stm32cube.ide.mcu.externaltools.gnu-tools-for-stm32.13.3.rel1.win32_1.0.0.202411081344/tools/bin/../lib/gcc/arm-none-eabi/13.3.1/../../../../arm-none-eabi/lib/thumb/v7-m/nofp\libc_nano.a(libc_a-init.o)
                0x08005c48                __libc_init_array
 .text.memcpy   0x08005c90       0x1c D:/App/cubeide/data/STM32CubeIDE_1.18.1/STM32CubeIDE/plugins/com.st.stm32cube.ide.mcu.externaltools.gnu-tools-for-stm32.13.3.rel1.win32_1.0.0.202411081344/tools/bin/../lib/gcc/arm-none-eabi/13.3.1/../../../../arm-none-eabi/lib/thumb/v7-m/nofp\libc_nano.a(libc_a-memcpy-stub.o)
                0x08005c90                memcpy
 *(.glue_7)
 .glue_7        0x08005cac        0x0 linker stubs
 *(.glue_7t)
 .glue_7t       0x08005cac        0x0 linker stubs
 *(.eh_frame)
 .eh_frame      0x08005cac        0x0 D:/App/cubeide/data/STM32CubeIDE_1.18.1/STM32CubeIDE/plugins/com.st.stm32cube.ide.mcu.externaltools.gnu-tools-for-stm32.13.3.rel1.win32_1.0.0.202411081344/tools/bin/../lib/gcc/arm-none-eabi/13.3.1/thumb/v7-m/nofp/crtbegin.o
 *(.init)
 .init          0x08005cac        0x4 D:/App/cubeide/data/STM32CubeIDE_1.18.1/STM32CubeIDE/plugins/com.st.stm32cube.ide.mcu.externaltools.gnu-tools-for-stm32.13.3.rel1.win32_1.0.0.202411081344/tools/bin/../lib/gcc/arm-none-eabi/13.3.1/thumb/v7-m/nofp/crti.o
                0x08005cac                _init
 .init          0x08005cb0        0x8 D:/App/cubeide/data/STM32CubeIDE_1.18.1/STM32CubeIDE/plugins/com.st.stm32cube.ide.mcu.externaltools.gnu-tools-for-stm32.13.3.rel1.win32_1.0.0.202411081344/tools/bin/../lib/gcc/arm-none-eabi/13.3.1/thumb/v7-m/nofp/crtn.o
 *(.fini)
 .fini          0x08005cb8        0x4 D:/App/cubeide/data/STM32CubeIDE_1.18.1/STM32CubeIDE/plugins/com.st.stm32cube.ide.mcu.externaltools.gnu-tools-for-stm32.13.3.rel1.win32_1.0.0.202411081344/tools/bin/../lib/gcc/arm-none-eabi/13.3.1/thumb/v7-m/nofp/crti.o
                0x08005cb8                _fini
 .fini          0x08005cbc        0x8 D:/App/cubeide/data/STM32CubeIDE_1.18.1/STM32CubeIDE/plugins/com.st.stm32cube.ide.mcu.externaltools.gnu-tools-for-stm32.13.3.rel1.win32_1.0.0.202411081344/tools/bin/../lib/gcc/arm-none-eabi/13.3.1/thumb/v7-m/nofp/crtn.o
                0x08005cc4                        . = ALIGN (0x4)
                0x08005cc4                        _etext = .

.vfp11_veneer   0x08005cc4        0x0
 .vfp11_veneer  0x08005cc4        0x0 linker stubs

.v4_bx          0x08005cc4        0x0
 .v4_bx         0x08005cc4        0x0 linker stubs

.iplt           0x08005cc4        0x0
 .iplt          0x08005cc4        0x0 D:/App/cubeide/data/STM32CubeIDE_1.18.1/STM32CubeIDE/plugins/com.st.stm32cube.ide.mcu.externaltools.gnu-tools-for-stm32.13.3.rel1.win32_1.0.0.202411081344/tools/bin/../lib/gcc/arm-none-eabi/13.3.1/thumb/v7-m/nofp/crtbegin.o

.rodata         0x08005cc4       0x94
                0x08005cc4                        . = ALIGN (0x4)
 *(.rodata)
 .rodata        0x08005cc4       0x50 ./Core/Src/main.o
 .rodata        0x08005d14        0x5 ./Middlewares/Third_Party/FreeRTOS/Source/tasks.o
 *(.rodata*)
 *fill*         0x08005d19        0x3 
 .rodata.os_semaphore_def_sensorSem
                0x08005d1c        0x8 ./Core/Src/main.o
                0x08005d1c                os_semaphore_def_sensorSem
 .rodata.os_semaphore_def_TxSem
                0x08005d24        0x8 ./Core/Src/main.o
                0x08005d24                os_semaphore_def_TxSem
 .rodata.AHBPrescTable
                0x08005d2c       0x10 ./Core/Src/system_stm32f1xx.o
                0x08005d2c                AHBPrescTable
 .rodata.APBPrescTable
                0x08005d3c        0x8 ./Core/Src/system_stm32f1xx.o
                0x08005d3c                APBPrescTable
 .rodata.aPLLMULFactorTable.1
                0x08005d44       0x10 ./Drivers/STM32F1xx_HAL_Driver/Src/stm32f1xx_hal_rcc.o
 .rodata.aPredivFactorTable.0
                0x08005d54        0x2 ./Drivers/STM32F1xx_HAL_Driver/Src/stm32f1xx_hal_rcc.o
                0x08005d58                        . = ALIGN (0x4)
 *fill*         0x08005d56        0x2 

.ARM.extab      0x08005d58        0x0
                0x08005d58                        . = ALIGN (0x4)
 *(.ARM.extab* .gnu.linkonce.armextab.*)
                0x08005d58                        . = ALIGN (0x4)

.ARM            0x08005d58        0x0
                0x08005d58                        . = ALIGN (0x4)
                0x08005d58                        __exidx_start = .
 *(.ARM.exidx*)
                0x08005d58                        __exidx_end = .
                0x08005d58                        . = ALIGN (0x4)

.preinit_array  0x08005d58        0x0
                0x08005d58                        . = ALIGN (0x4)
                0x08005d58                        PROVIDE (__preinit_array_start = .)
 *(.preinit_array*)
                0x08005d58                        PROVIDE (__preinit_array_end = .)
                0x08005d58                        . = ALIGN (0x4)

.init_array     0x08005d58        0x4
                0x08005d58                        . = ALIGN (0x4)
                0x08005d58                        PROVIDE (__init_array_start = .)
 *(SORT_BY_NAME(.init_array.*))
 *(.init_array*)
 .init_array    0x08005d58        0x4 D:/App/cubeide/data/STM32CubeIDE_1.18.1/STM32CubeIDE/plugins/com.st.stm32cube.ide.mcu.externaltools.gnu-tools-for-stm32.13.3.rel1.win32_1.0.0.202411081344/tools/bin/../lib/gcc/arm-none-eabi/13.3.1/thumb/v7-m/nofp/crtbegin.o
                0x08005d5c                        PROVIDE (__init_array_end = .)
                0x08005d5c                        . = ALIGN (0x4)

.fini_array     0x08005d5c        0x4
                0x08005d5c                        . = ALIGN (0x4)
                [!provide]                        PROVIDE (__fini_array_start = .)
 *(SORT_BY_NAME(.fini_array.*))
 *(.fini_array*)
 .fini_array    0x08005d5c        0x4 D:/App/cubeide/data/STM32CubeIDE_1.18.1/STM32CubeIDE/plugins/com.st.stm32cube.ide.mcu.externaltools.gnu-tools-for-stm32.13.3.rel1.win32_1.0.0.202411081344/tools/bin/../lib/gcc/arm-none-eabi/13.3.1/thumb/v7-m/nofp/crtbegin.o
                [!provide]                        PROVIDE (__fini_array_end = .)
                0x08005d60                        . = ALIGN (0x4)
                0x08005d60                        _sidata = LOADADDR (.data)

.rel.dyn        0x08005d60        0x0
 .rel.iplt      0x08005d60        0x0 D:/App/cubeide/data/STM32CubeIDE_1.18.1/STM32CubeIDE/plugins/com.st.stm32cube.ide.mcu.externaltools.gnu-tools-for-stm32.13.3.rel1.win32_1.0.0.202411081344/tools/bin/../lib/gcc/arm-none-eabi/13.3.1/thumb/v7-m/nofp/crtbegin.o

.data           0x20000000       0x10 load address 0x08005d60
                0x20000000                        . = ALIGN (0x4)
                0x20000000                        _sdata = .
 *(.data)
 *(.data*)
 .data.SystemCoreClock
                0x20000000        0x4 ./Core/Src/system_stm32f1xx.o
                0x20000000                SystemCoreClock
 .data.uwTickPrio
                0x20000004        0x4 ./Drivers/STM32F1xx_HAL_Driver/Src/stm32f1xx_hal.o
                0x20000004                uwTickPrio
 .data.uwTickFreq
                0x20000008        0x1 ./Drivers/STM32F1xx_HAL_Driver/Src/stm32f1xx_hal.o
                0x20000008                uwTickFreq
 *fill*         0x20000009        0x3 
 .data.uxCriticalNesting
                0x2000000c        0x4 ./Middlewares/Third_Party/FreeRTOS/Source/portable/GCC/ARM_CM3/port.o
 *(.RamFunc)
 *(.RamFunc*)
                0x20000010                        . = ALIGN (0x4)
                0x20000010                        _edata = .

.igot.plt       0x20000010        0x0 load address 0x08005d70
 .igot.plt      0x20000010        0x0 D:/App/cubeide/data/STM32CubeIDE_1.18.1/STM32CubeIDE/plugins/com.st.stm32cube.ide.mcu.externaltools.gnu-tools-for-stm32.13.3.rel1.win32_1.0.0.202411081344/tools/bin/../lib/gcc/arm-none-eabi/13.3.1/thumb/v7-m/nofp/crtbegin.o
                0x20000010                        . = ALIGN (0x4)

.bss            0x20000010     0x10fc load address 0x08005d70
                0x20000010                        _sbss = .
                0x20000010                        __bss_start__ = _sbss
 *(.bss)
 .bss           0x20000010       0x1c D:/App/cubeide/data/STM32CubeIDE_1.18.1/STM32CubeIDE/plugins/com.st.stm32cube.ide.mcu.externaltools.gnu-tools-for-stm32.13.3.rel1.win32_1.0.0.202411081344/tools/bin/../lib/gcc/arm-none-eabi/13.3.1/thumb/v7-m/nofp/crtbegin.o
 *(.bss*)
 .bss.xIdleTaskTCBBuffer
                0x2000002c       0x54 ./Core/Src/freertos.o
 .bss.xIdleStack
                0x20000080      0x200 ./Core/Src/freertos.o
 .bss.hi2c1     0x20000280       0x54 ./Core/Src/main.o
                0x20000280                hi2c1
 .bss.huart1    0x200002d4       0x48 ./Core/Src/main.o
                0x200002d4                huart1
 .bss.defaultTaskHandle
                0x2000031c        0x4 ./Core/Src/main.o
                0x2000031c                defaultTaskHandle
 .bss.SenDataTaskHandle
                0x20000320        0x4 ./Core/Src/main.o
                0x20000320                SenDataTaskHandle
 .bss.sensorSemHandle
                0x20000324        0x4 ./Core/Src/main.o
                0x20000324                sensorSemHandle
 .bss.TxSemHandle
                0x20000328        0x4 ./Core/Src/main.o
                0x20000328                TxSemHandle
 .bss.slave_data
                0x2000032c        0x6 ./Core/Src/main.o
                0x2000032c                slave_data
 .bss.AC1       0x20000332        0x2 ./Core/Src/main.o
                0x20000332                AC1
 .bss.AC2       0x20000334        0x2 ./Core/Src/main.o
                0x20000334                AC2
 .bss.AC3       0x20000336        0x2 ./Core/Src/main.o
                0x20000336                AC3
 .bss.B1        0x20000338        0x2 ./Core/Src/main.o
                0x20000338                B1
 .bss.B2        0x2000033a        0x2 ./Core/Src/main.o
                0x2000033a                B2
 .bss.MB        0x2000033c        0x2 ./Core/Src/main.o
                0x2000033c                MB
 .bss.MC        0x2000033e        0x2 ./Core/Src/main.o
                0x2000033e                MC
 .bss.MD        0x20000340        0x2 ./Core/Src/main.o
                0x20000340                MD
 .bss.AC4       0x20000342        0x2 ./Core/Src/main.o
                0x20000342                AC4
 .bss.AC5       0x20000344        0x2 ./Core/Src/main.o
                0x20000344                AC5
 .bss.AC6       0x20000346        0x2 ./Core/Src/main.o
                0x20000346                AC6
 .bss.rx_buff   0x20000348       0x64 ./Core/Src/main.o
                0x20000348                rx_buff
 .bss.rx_index  0x200003ac        0x4 ./Core/Src/main.o
                0x200003ac                rx_index
 .bss.rx_byte   0x200003b0        0x1 ./Core/Src/main.o
                0x200003b0                rx_byte
 *fill*         0x200003b1        0x3 
 .bss.uwTick    0x200003b4        0x4 ./Drivers/STM32F1xx_HAL_Driver/Src/stm32f1xx_hal.o
                0x200003b4                uwTick
 .bss.pxCurrentTCB
                0x200003b8        0x4 ./Middlewares/Third_Party/FreeRTOS/Source/tasks.o
                0x200003b8                pxCurrentTCB
 .bss.pxReadyTasksLists
                0x200003bc       0x8c ./Middlewares/Third_Party/FreeRTOS/Source/tasks.o
 .bss.xDelayedTaskList1
                0x20000448       0x14 ./Middlewares/Third_Party/FreeRTOS/Source/tasks.o
 .bss.xDelayedTaskList2
                0x2000045c       0x14 ./Middlewares/Third_Party/FreeRTOS/Source/tasks.o
 .bss.pxDelayedTaskList
                0x20000470        0x4 ./Middlewares/Third_Party/FreeRTOS/Source/tasks.o
 .bss.pxOverflowDelayedTaskList
                0x20000474        0x4 ./Middlewares/Third_Party/FreeRTOS/Source/tasks.o
 .bss.xPendingReadyList
                0x20000478       0x14 ./Middlewares/Third_Party/FreeRTOS/Source/tasks.o
 .bss.xTasksWaitingTermination
                0x2000048c       0x14 ./Middlewares/Third_Party/FreeRTOS/Source/tasks.o
 .bss.uxDeletedTasksWaitingCleanUp
                0x200004a0        0x4 ./Middlewares/Third_Party/FreeRTOS/Source/tasks.o
 .bss.xSuspendedTaskList
                0x200004a4       0x14 ./Middlewares/Third_Party/FreeRTOS/Source/tasks.o
 .bss.uxCurrentNumberOfTasks
                0x200004b8        0x4 ./Middlewares/Third_Party/FreeRTOS/Source/tasks.o
 .bss.xTickCount
                0x200004bc        0x4 ./Middlewares/Third_Party/FreeRTOS/Source/tasks.o
 .bss.uxTopReadyPriority
                0x200004c0        0x4 ./Middlewares/Third_Party/FreeRTOS/Source/tasks.o
 .bss.xSchedulerRunning
                0x200004c4        0x4 ./Middlewares/Third_Party/FreeRTOS/Source/tasks.o
 .bss.xPendedTicks
                0x200004c8        0x4 ./Middlewares/Third_Party/FreeRTOS/Source/tasks.o
 .bss.xYieldPending
                0x200004cc        0x4 ./Middlewares/Third_Party/FreeRTOS/Source/tasks.o
 .bss.xNumOfOverflows
                0x200004d0        0x4 ./Middlewares/Third_Party/FreeRTOS/Source/tasks.o
 .bss.uxTaskNumber
                0x200004d4        0x4 ./Middlewares/Third_Party/FreeRTOS/Source/tasks.o
 .bss.xNextTaskUnblockTime
                0x200004d8        0x4 ./Middlewares/Third_Party/FreeRTOS/Source/tasks.o
 .bss.xIdleTaskHandle
                0x200004dc        0x4 ./Middlewares/Third_Party/FreeRTOS/Source/tasks.o
 .bss.uxSchedulerSuspended
                0x200004e0        0x4 ./Middlewares/Third_Party/FreeRTOS/Source/tasks.o
 .bss.ucMaxSysCallPriority
                0x200004e4        0x1 ./Middlewares/Third_Party/FreeRTOS/Source/portable/GCC/ARM_CM3/port.o
 *fill*         0x200004e5        0x3 
 .bss.ulMaxPRIGROUPValue
                0x200004e8        0x4 ./Middlewares/Third_Party/FreeRTOS/Source/portable/GCC/ARM_CM3/port.o
 .bss.ucHeap    0x200004ec      0xc00 ./Middlewares/Third_Party/FreeRTOS/Source/portable/MemMang/heap_4.o
 .bss.xStart    0x200010ec        0x8 ./Middlewares/Third_Party/FreeRTOS/Source/portable/MemMang/heap_4.o
 .bss.pxEnd     0x200010f4        0x4 ./Middlewares/Third_Party/FreeRTOS/Source/portable/MemMang/heap_4.o
 .bss.xFreeBytesRemaining
                0x200010f8        0x4 ./Middlewares/Third_Party/FreeRTOS/Source/portable/MemMang/heap_4.o
 .bss.xMinimumEverFreeBytesRemaining
                0x200010fc        0x4 ./Middlewares/Third_Party/FreeRTOS/Source/portable/MemMang/heap_4.o
 .bss.xNumberOfSuccessfulAllocations
                0x20001100        0x4 ./Middlewares/Third_Party/FreeRTOS/Source/portable/MemMang/heap_4.o
 .bss.xNumberOfSuccessfulFrees
                0x20001104        0x4 ./Middlewares/Third_Party/FreeRTOS/Source/portable/MemMang/heap_4.o
 .bss.xBlockAllocatedBit
                0x20001108        0x4 ./Middlewares/Third_Party/FreeRTOS/Source/portable/MemMang/heap_4.o
 *(COMMON)
                0x2000110c                        . = ALIGN (0x4)
                0x2000110c                        _ebss = .
                0x2000110c                        __bss_end__ = _ebss

._user_heap_stack
                0x2000110c      0x604 load address 0x08005d70
                0x20001110                        . = ALIGN (0x8)
 *fill*         0x2000110c        0x4 
                [!provide]                        PROVIDE (end = .)
                0x20001110                        PROVIDE (_end = .)
                0x20001310                        . = (. + _Min_Heap_Size)
 *fill*         0x20001110      0x200 
                0x20001710                        . = (. + _Min_Stack_Size)
 *fill*         0x20001310      0x400 
                0x20001710                        . = ALIGN (0x8)

/DISCARD/
 libc.a(*)
 libm.a(*)
 libgcc.a(*)

.ARM.attributes
                0x00000000       0x29
 *(.ARM.attributes)
 .ARM.attributes
                0x00000000       0x1d D:/App/cubeide/data/STM32CubeIDE_1.18.1/STM32CubeIDE/plugins/com.st.stm32cube.ide.mcu.externaltools.gnu-tools-for-stm32.13.3.rel1.win32_1.0.0.202411081344/tools/bin/../lib/gcc/arm-none-eabi/13.3.1/thumb/v7-m/nofp/crti.o
 .ARM.attributes
                0x0000001d       0x2d D:/App/cubeide/data/STM32CubeIDE_1.18.1/STM32CubeIDE/plugins/com.st.stm32cube.ide.mcu.externaltools.gnu-tools-for-stm32.13.3.rel1.win32_1.0.0.202411081344/tools/bin/../lib/gcc/arm-none-eabi/13.3.1/thumb/v7-m/nofp/crtbegin.o
 .ARM.attributes
                0x0000004a       0x2d ./Core/Src/freertos.o
 .ARM.attributes
                0x00000077       0x2d ./Core/Src/main.o
 .ARM.attributes
                0x000000a4       0x2d ./Core/Src/stm32f1xx_hal_msp.o
 .ARM.attributes
                0x000000d1       0x2d ./Core/Src/stm32f1xx_it.o
 .ARM.attributes
                0x000000fe       0x2d ./Core/Src/system_stm32f1xx.o
 .ARM.attributes
                0x0000012b       0x21 ./Core/Startup/startup_stm32f103c8tx.o
 .ARM.attributes
                0x0000014c       0x2d ./Drivers/STM32F1xx_HAL_Driver/Src/stm32f1xx_hal.o
 .ARM.attributes
                0x00000179       0x2d ./Drivers/STM32F1xx_HAL_Driver/Src/stm32f1xx_hal_cortex.o
 .ARM.attributes
                0x000001a6       0x2d ./Drivers/STM32F1xx_HAL_Driver/Src/stm32f1xx_hal_dma.o
 .ARM.attributes
                0x000001d3       0x2d ./Drivers/STM32F1xx_HAL_Driver/Src/stm32f1xx_hal_gpio.o
 .ARM.attributes
                0x00000200       0x2d ./Drivers/STM32F1xx_HAL_Driver/Src/stm32f1xx_hal_i2c.o
 .ARM.attributes
                0x0000022d       0x2d ./Drivers/STM32F1xx_HAL_Driver/Src/stm32f1xx_hal_rcc.o
 .ARM.attributes
                0x0000025a       0x2d ./Drivers/STM32F1xx_HAL_Driver/Src/stm32f1xx_hal_uart.o
 .ARM.attributes
                0x00000287       0x2d ./Middlewares/Third_Party/FreeRTOS/Source/CMSIS_RTOS/cmsis_os.o
 .ARM.attributes
                0x000002b4       0x2d ./Middlewares/Third_Party/FreeRTOS/Source/list.o
 .ARM.attributes
                0x000002e1       0x2d ./Middlewares/Third_Party/FreeRTOS/Source/queue.o
 .ARM.attributes
                0x0000030e       0x2d ./Middlewares/Third_Party/FreeRTOS/Source/tasks.o
 .ARM.attributes
                0x0000033b       0x2d ./Middlewares/Third_Party/FreeRTOS/Source/portable/GCC/ARM_CM3/port.o
 .ARM.attributes
                0x00000368       0x2d ./Middlewares/Third_Party/FreeRTOS/Source/portable/MemMang/heap_4.o
 .ARM.attributes
                0x00000395       0x2d D:/App/cubeide/data/STM32CubeIDE_1.18.1/STM32CubeIDE/plugins/com.st.stm32cube.ide.mcu.externaltools.gnu-tools-for-stm32.13.3.rel1.win32_1.0.0.202411081344/tools/bin/../lib/gcc/arm-none-eabi/13.3.1/../../../../arm-none-eabi/lib/thumb/v7-m/nofp\libc_nano.a(libc_a-memset.o)
 .ARM.attributes
                0x000003c2       0x2d D:/App/cubeide/data/STM32CubeIDE_1.18.1/STM32CubeIDE/plugins/com.st.stm32cube.ide.mcu.externaltools.gnu-tools-for-stm32.13.3.rel1.win32_1.0.0.202411081344/tools/bin/../lib/gcc/arm-none-eabi/13.3.1/../../../../arm-none-eabi/lib/thumb/v7-m/nofp\libc_nano.a(libc_a-init.o)
 .ARM.attributes
                0x000003ef       0x2d D:/App/cubeide/data/STM32CubeIDE_1.18.1/STM32CubeIDE/plugins/com.st.stm32cube.ide.mcu.externaltools.gnu-tools-for-stm32.13.3.rel1.win32_1.0.0.202411081344/tools/bin/../lib/gcc/arm-none-eabi/13.3.1/../../../../arm-none-eabi/lib/thumb/v7-m/nofp\libc_nano.a(libc_a-memcpy-stub.o)
 .ARM.attributes
                0x0000041c       0x1d D:/App/cubeide/data/STM32CubeIDE_1.18.1/STM32CubeIDE/plugins/com.st.stm32cube.ide.mcu.externaltools.gnu-tools-for-stm32.13.3.rel1.win32_1.0.0.202411081344/tools/bin/../lib/gcc/arm-none-eabi/13.3.1/thumb/v7-m/nofp/crtn.o
OUTPUT(RTOSxBMP180_ver3.0.elf elf32-littlearm)
LOAD linker stubs
LOAD D:/App/cubeide/data/STM32CubeIDE_1.18.1/STM32CubeIDE/plugins/com.st.stm32cube.ide.mcu.externaltools.gnu-tools-for-stm32.13.3.rel1.win32_1.0.0.202411081344/tools/bin/../lib/gcc/arm-none-eabi/13.3.1/../../../../arm-none-eabi/lib/thumb/v7-m/nofp\libc.a
LOAD D:/App/cubeide/data/STM32CubeIDE_1.18.1/STM32CubeIDE/plugins/com.st.stm32cube.ide.mcu.externaltools.gnu-tools-for-stm32.13.3.rel1.win32_1.0.0.202411081344/tools/bin/../lib/gcc/arm-none-eabi/13.3.1/../../../../arm-none-eabi/lib/thumb/v7-m/nofp\libm.a
LOAD D:/App/cubeide/data/STM32CubeIDE_1.18.1/STM32CubeIDE/plugins/com.st.stm32cube.ide.mcu.externaltools.gnu-tools-for-stm32.13.3.rel1.win32_1.0.0.202411081344/tools/bin/../lib/gcc/arm-none-eabi/13.3.1/thumb/v7-m/nofp\libgcc.a

.debug_info     0x00000000    0x10313
 .debug_info    0x00000000      0x279 ./Core/Src/freertos.o
 .debug_info    0x00000279     0x15d9 ./Core/Src/main.o
 .debug_info    0x00001852      0xca2 ./Core/Src/stm32f1xx_hal_msp.o
 .debug_info    0x000024f4      0x5f3 ./Core/Src/stm32f1xx_it.o
 .debug_info    0x00002ae7      0x222 ./Core/Src/system_stm32f1xx.o
 .debug_info    0x00002d09       0x30 ./Core/Startup/startup_stm32f103c8tx.o
 .debug_info    0x00002d39      0x704 ./Drivers/STM32F1xx_HAL_Driver/Src/stm32f1xx_hal.o
 .debug_info    0x0000343d      0xa87 ./Drivers/STM32F1xx_HAL_Driver/Src/stm32f1xx_hal_cortex.o
 .debug_info    0x00003ec4      0x6d2 ./Drivers/STM32F1xx_HAL_Driver/Src/stm32f1xx_hal_dma.o
 .debug_info    0x00004596      0x5ab ./Drivers/STM32F1xx_HAL_Driver/Src/stm32f1xx_hal_gpio.o
 .debug_info    0x00004b41     0x2524 ./Drivers/STM32F1xx_HAL_Driver/Src/stm32f1xx_hal_i2c.o
 .debug_info    0x00007065      0x7d5 ./Drivers/STM32F1xx_HAL_Driver/Src/stm32f1xx_hal_rcc.o
 .debug_info    0x0000783a     0x2eed ./Drivers/STM32F1xx_HAL_Driver/Src/stm32f1xx_hal_uart.o
 .debug_info    0x0000a727     0x1b60 ./Middlewares/Third_Party/FreeRTOS/Source/CMSIS_RTOS/cmsis_os.o
 .debug_info    0x0000c287      0x2af ./Middlewares/Third_Party/FreeRTOS/Source/list.o
 .debug_info    0x0000c536     0x17cd ./Middlewares/Third_Party/FreeRTOS/Source/queue.o
 .debug_info    0x0000dd03     0x1ca7 ./Middlewares/Third_Party/FreeRTOS/Source/tasks.o
 .debug_info    0x0000f9aa      0x494 ./Middlewares/Third_Party/FreeRTOS/Source/portable/GCC/ARM_CM3/port.o
 .debug_info    0x0000fe3e      0x4d5 ./Middlewares/Third_Party/FreeRTOS/Source/portable/MemMang/heap_4.o

.debug_abbrev   0x00000000     0x2a2c
 .debug_abbrev  0x00000000       0xd2 ./Core/Src/freertos.o
 .debug_abbrev  0x000000d2      0x354 ./Core/Src/main.o
 .debug_abbrev  0x00000426      0x1ca ./Core/Src/stm32f1xx_hal_msp.o
 .debug_abbrev  0x000005f0      0x19e ./Core/Src/stm32f1xx_it.o
 .debug_abbrev  0x0000078e      0x13f ./Core/Src/system_stm32f1xx.o
 .debug_abbrev  0x000008cd       0x24 ./Core/Startup/startup_stm32f103c8tx.o
 .debug_abbrev  0x000008f1      0x201 ./Drivers/STM32F1xx_HAL_Driver/Src/stm32f1xx_hal.o
 .debug_abbrev  0x00000af2      0x2f8 ./Drivers/STM32F1xx_HAL_Driver/Src/stm32f1xx_hal_cortex.o
 .debug_abbrev  0x00000dea      0x20b ./Drivers/STM32F1xx_HAL_Driver/Src/stm32f1xx_hal_dma.o
 .debug_abbrev  0x00000ff5      0x1ca ./Drivers/STM32F1xx_HAL_Driver/Src/stm32f1xx_hal_gpio.o
 .debug_abbrev  0x000011bf      0x2a3 ./Drivers/STM32F1xx_HAL_Driver/Src/stm32f1xx_hal_i2c.o
 .debug_abbrev  0x00001462      0x2b3 ./Drivers/STM32F1xx_HAL_Driver/Src/stm32f1xx_hal_rcc.o
 .debug_abbrev  0x00001715      0x2f8 ./Drivers/STM32F1xx_HAL_Driver/Src/stm32f1xx_hal_uart.o
 .debug_abbrev  0x00001a0d      0x3a7 ./Middlewares/Third_Party/FreeRTOS/Source/CMSIS_RTOS/cmsis_os.o
 .debug_abbrev  0x00001db4       0xf5 ./Middlewares/Third_Party/FreeRTOS/Source/list.o
 .debug_abbrev  0x00001ea9      0x3b5 ./Middlewares/Third_Party/FreeRTOS/Source/queue.o
 .debug_abbrev  0x0000225e      0x359 ./Middlewares/Third_Party/FreeRTOS/Source/tasks.o
 .debug_abbrev  0x000025b7      0x258 ./Middlewares/Third_Party/FreeRTOS/Source/portable/GCC/ARM_CM3/port.o
 .debug_abbrev  0x0000280f      0x21d ./Middlewares/Third_Party/FreeRTOS/Source/portable/MemMang/heap_4.o

.debug_aranges  0x00000000      0xf38
 .debug_aranges
                0x00000000       0x20 ./Core/Src/freertos.o
 .debug_aranges
                0x00000020       0x90 ./Core/Src/main.o
 .debug_aranges
                0x000000b0       0x40 ./Core/Src/stm32f1xx_hal_msp.o
 .debug_aranges
                0x000000f0       0x58 ./Core/Src/stm32f1xx_it.o
 .debug_aranges
                0x00000148       0x28 ./Core/Src/system_stm32f1xx.o
 .debug_aranges
                0x00000170       0x28 ./Core/Startup/startup_stm32f103c8tx.o
 .debug_aranges
                0x00000198       0xe0 ./Drivers/STM32F1xx_HAL_Driver/Src/stm32f1xx_hal.o
 .debug_aranges
                0x00000278      0x100 ./Drivers/STM32F1xx_HAL_Driver/Src/stm32f1xx_hal_cortex.o
 .debug_aranges
                0x00000378       0x80 ./Drivers/STM32F1xx_HAL_Driver/Src/stm32f1xx_hal_dma.o
 .debug_aranges
                0x000003f8       0x58 ./Drivers/STM32F1xx_HAL_Driver/Src/stm32f1xx_hal_gpio.o
 .debug_aranges
                0x00000450      0x2a8 ./Drivers/STM32F1xx_HAL_Driver/Src/stm32f1xx_hal_i2c.o
 .debug_aranges
                0x000006f8       0x90 ./Drivers/STM32F1xx_HAL_Driver/Src/stm32f1xx_hal_rcc.o
 .debug_aranges
                0x00000788      0x208 ./Drivers/STM32F1xx_HAL_Driver/Src/stm32f1xx_hal_uart.o
 .debug_aranges
                0x00000990      0x1d8 ./Middlewares/Third_Party/FreeRTOS/Source/CMSIS_RTOS/cmsis_os.o
 .debug_aranges
                0x00000b68       0x40 ./Middlewares/Third_Party/FreeRTOS/Source/list.o
 .debug_aranges
                0x00000ba8      0x108 ./Middlewares/Third_Party/FreeRTOS/Source/queue.o
 .debug_aranges
                0x00000cb0      0x1b8 ./Middlewares/Third_Party/FreeRTOS/Source/tasks.o
 .debug_aranges
                0x00000e68       0x78 ./Middlewares/Third_Party/FreeRTOS/Source/portable/GCC/ARM_CM3/port.o
 .debug_aranges
                0x00000ee0       0x58 ./Middlewares/Third_Party/FreeRTOS/Source/portable/MemMang/heap_4.o

.debug_rnglists
                0x00000000      0xbdb
 .debug_rnglists
                0x00000000       0x13 ./Core/Src/freertos.o
 .debug_rnglists
                0x00000013       0x6d ./Core/Src/main.o
 .debug_rnglists
                0x00000080       0x2c ./Core/Src/stm32f1xx_hal_msp.o
 .debug_rnglists
                0x000000ac       0x3d ./Core/Src/stm32f1xx_it.o
 .debug_rnglists
                0x000000e9       0x1a ./Core/Src/system_stm32f1xx.o
 .debug_rnglists
                0x00000103       0x19 ./Core/Startup/startup_stm32f103c8tx.o
 .debug_rnglists
                0x0000011c       0xa3 ./Drivers/STM32F1xx_HAL_Driver/Src/stm32f1xx_hal.o
 .debug_rnglists
                0x000001bf       0xbb ./Drivers/STM32F1xx_HAL_Driver/Src/stm32f1xx_hal_cortex.o
 .debug_rnglists
                0x0000027a       0x64 ./Drivers/STM32F1xx_HAL_Driver/Src/stm32f1xx_hal_dma.o
 .debug_rnglists
                0x000002de       0x3f ./Drivers/STM32F1xx_HAL_Driver/Src/stm32f1xx_hal_gpio.o
 .debug_rnglists
                0x0000031d      0x23c ./Drivers/STM32F1xx_HAL_Driver/Src/stm32f1xx_hal_i2c.o
 .debug_rnglists
                0x00000559       0x6c ./Drivers/STM32F1xx_HAL_Driver/Src/stm32f1xx_hal_rcc.o
 .debug_rnglists
                0x000005c5      0x1bc ./Drivers/STM32F1xx_HAL_Driver/Src/stm32f1xx_hal_uart.o
 .debug_rnglists
                0x00000781      0x16a ./Middlewares/Third_Party/FreeRTOS/Source/CMSIS_RTOS/cmsis_os.o
 .debug_rnglists
                0x000008eb       0x2b ./Middlewares/Third_Party/FreeRTOS/Source/list.o
 .debug_rnglists
                0x00000916       0xcd ./Middlewares/Third_Party/FreeRTOS/Source/queue.o
 .debug_rnglists
                0x000009e3      0x15f ./Middlewares/Third_Party/FreeRTOS/Source/tasks.o
 .debug_rnglists
                0x00000b42       0x57 ./Middlewares/Third_Party/FreeRTOS/Source/portable/GCC/ARM_CM3/port.o
 .debug_rnglists
                0x00000b99       0x42 ./Middlewares/Third_Party/FreeRTOS/Source/portable/MemMang/heap_4.o

.debug_macro    0x00000000    0x18bd6
 .debug_macro   0x00000000      0x20a ./Core/Src/freertos.o
 .debug_macro   0x0000020a      0xacc ./Core/Src/freertos.o
 .debug_macro   0x00000cd6      0x190 ./Core/Src/freertos.o
 .debug_macro   0x00000e66       0x22 ./Core/Src/freertos.o
 .debug_macro   0x00000e88       0x8e ./Core/Src/freertos.o
 .debug_macro   0x00000f16       0x51 ./Core/Src/freertos.o
 .debug_macro   0x00000f67      0x103 ./Core/Src/freertos.o
 .debug_macro   0x0000106a       0x6a ./Core/Src/freertos.o
 .debug_macro   0x000010d4      0x1df ./Core/Src/freertos.o
 .debug_macro   0x000012b3       0xe4 ./Core/Src/freertos.o
 .debug_macro   0x00001397      0x15a ./Core/Src/freertos.o
 .debug_macro   0x000014f1       0xde ./Core/Src/freertos.o
 .debug_macro   0x000015cf       0x1c ./Core/Src/freertos.o
 .debug_macro   0x000015eb       0x26 ./Core/Src/freertos.o
 .debug_macro   0x00001611      0x504 ./Core/Src/freertos.o
 .debug_macro   0x00001b15       0xb5 ./Core/Src/freertos.o
 .debug_macro   0x00001bca       0xaa ./Core/Src/freertos.o
 .debug_macro   0x00001c74      0x21b ./Core/Src/freertos.o
 .debug_macro   0x00001e8f       0x2e ./Core/Src/freertos.o
 .debug_macro   0x00001ebd       0x22 ./Core/Src/freertos.o
 .debug_macro   0x00001edf       0x1c ./Core/Src/freertos.o
 .debug_macro   0x00001efb       0x22 ./Core/Src/freertos.o
 .debug_macro   0x00001f1d       0xbd ./Core/Src/freertos.o
 .debug_macro   0x00001fda      0xd23 ./Core/Src/freertos.o
 .debug_macro   0x00002cfd     0xe09e ./Core/Src/freertos.o
 .debug_macro   0x00010d9b       0x6d ./Core/Src/freertos.o
 .debug_macro   0x00010e08     0x34a2 ./Core/Src/freertos.o
 .debug_macro   0x000142aa       0x5c ./Core/Src/freertos.o
 .debug_macro   0x00014306      0x5bc ./Core/Src/freertos.o
 .debug_macro   0x000148c2      0x289 ./Core/Src/freertos.o
 .debug_macro   0x00014b4b      0x1cb ./Core/Src/freertos.o
 .debug_macro   0x00014d16      0x114 ./Core/Src/freertos.o
 .debug_macro   0x00014e2a      0x1b2 ./Core/Src/freertos.o
 .debug_macro   0x00014fdc       0x27 ./Core/Src/freertos.o
 .debug_macro   0x00015003      0x136 ./Core/Src/freertos.o
 .debug_macro   0x00015139      0x1bc ./Core/Src/freertos.o
 .debug_macro   0x000152f5       0x34 ./Core/Src/freertos.o
 .debug_macro   0x00015329       0x3c ./Core/Src/freertos.o
 .debug_macro   0x00015365       0x57 ./Core/Src/freertos.o
 .debug_macro   0x000153bc       0x87 ./Core/Src/freertos.o
 .debug_macro   0x00015443      0x240 ./Core/Src/freertos.o
 .debug_macro   0x00015683      0x287 ./Core/Src/freertos.o
 .debug_macro   0x0001590a      0x140 ./Core/Src/freertos.o
 .debug_macro   0x00015a4a      0x28e ./Core/Src/freertos.o
 .debug_macro   0x00015cd8       0x83 ./Core/Src/freertos.o
 .debug_macro   0x00015d5b      0x363 ./Core/Src/main.o
 .debug_macro   0x000160be       0xe4 ./Core/Src/main.o
 .debug_macro   0x000161a2       0x91 ./Core/Src/main.o
 .debug_macro   0x00016233       0x8d ./Core/Src/main.o
 .debug_macro   0x000162c0       0x7e ./Core/Src/main.o
 .debug_macro   0x0001633e       0x19 ./Core/Src/main.o
 .debug_macro   0x00016357       0xf2 ./Core/Src/main.o
 .debug_macro   0x00016449       0x61 ./Core/Src/main.o
 .debug_macro   0x000164aa       0x24 ./Core/Src/main.o
 .debug_macro   0x000164ce       0x43 ./Core/Src/main.o
 .debug_macro   0x00016511       0x34 ./Core/Src/main.o
 .debug_macro   0x00016545       0x16 ./Core/Src/main.o
 .debug_macro   0x0001655b       0x3c ./Core/Src/main.o
 .debug_macro   0x00016597      0x370 ./Core/Src/main.o
 .debug_macro   0x00016907       0x10 ./Core/Src/main.o
 .debug_macro   0x00016917       0x16 ./Core/Src/main.o
 .debug_macro   0x0001692d       0x4a ./Core/Src/main.o
 .debug_macro   0x00016977       0x34 ./Core/Src/main.o
 .debug_macro   0x000169ab       0x10 ./Core/Src/main.o
 .debug_macro   0x000169bb       0x58 ./Core/Src/main.o
 .debug_macro   0x00016a13       0x8e ./Core/Src/main.o
 .debug_macro   0x00016aa1       0x1c ./Core/Src/main.o
 .debug_macro   0x00016abd      0x185 ./Core/Src/main.o
 .debug_macro   0x00016c42       0x16 ./Core/Src/main.o
 .debug_macro   0x00016c58       0x16 ./Core/Src/main.o
 .debug_macro   0x00016c6e      0x146 ./Core/Src/main.o
 .debug_macro   0x00016db4       0x16 ./Core/Src/main.o
 .debug_macro   0x00016dca       0x20 ./Core/Src/main.o
 .debug_macro   0x00016dea      0x1a2 ./Core/Src/stm32f1xx_hal_msp.o
 .debug_macro   0x00016f8c      0x214 ./Core/Src/stm32f1xx_it.o
 .debug_macro   0x000171a0      0x198 ./Core/Src/system_stm32f1xx.o
 .debug_macro   0x00017338      0x1bc ./Drivers/STM32F1xx_HAL_Driver/Src/stm32f1xx_hal.o
 .debug_macro   0x000174f4      0x198 ./Drivers/STM32F1xx_HAL_Driver/Src/stm32f1xx_hal_cortex.o
 .debug_macro   0x0001768c      0x198 ./Drivers/STM32F1xx_HAL_Driver/Src/stm32f1xx_hal_dma.o
 .debug_macro   0x00017824      0x203 ./Drivers/STM32F1xx_HAL_Driver/Src/stm32f1xx_hal_gpio.o
 .debug_macro   0x00017a27      0x1e6 ./Drivers/STM32F1xx_HAL_Driver/Src/stm32f1xx_hal_i2c.o
 .debug_macro   0x00017c0d      0x1aa ./Drivers/STM32F1xx_HAL_Driver/Src/stm32f1xx_hal_rcc.o
 .debug_macro   0x00017db7      0x199 ./Drivers/STM32F1xx_HAL_Driver/Src/stm32f1xx_hal_uart.o
 .debug_macro   0x00017f50      0x1fe ./Middlewares/Third_Party/FreeRTOS/Source/CMSIS_RTOS/cmsis_os.o
 .debug_macro   0x0001814e       0x10 ./Middlewares/Third_Party/FreeRTOS/Source/CMSIS_RTOS/cmsis_os.o
 .debug_macro   0x0001815e       0xab ./Middlewares/Third_Party/FreeRTOS/Source/CMSIS_RTOS/cmsis_os.o
 .debug_macro   0x00018209      0x187 ./Middlewares/Third_Party/FreeRTOS/Source/list.o
 .debug_macro   0x00018390      0x216 ./Middlewares/Third_Party/FreeRTOS/Source/queue.o
 .debug_macro   0x000185a6       0x87 ./Middlewares/Third_Party/FreeRTOS/Source/queue.o
 .debug_macro   0x0001862d      0x279 ./Middlewares/Third_Party/FreeRTOS/Source/tasks.o
 .debug_macro   0x000188a6       0x10 ./Middlewares/Third_Party/FreeRTOS/Source/tasks.o
 .debug_macro   0x000188b6      0x172 ./Middlewares/Third_Party/FreeRTOS/Source/portable/GCC/ARM_CM3/port.o
 .debug_macro   0x00018a28      0x1ae ./Middlewares/Third_Party/FreeRTOS/Source/portable/MemMang/heap_4.o

.debug_line     0x00000000    0x1351d
 .debug_line    0x00000000      0x89f ./Core/Src/freertos.o
 .debug_line    0x0000089f      0xf33 ./Core/Src/main.o
 .debug_line    0x000017d2      0x843 ./Core/Src/stm32f1xx_hal_msp.o
 .debug_line    0x00002015      0x951 ./Core/Src/stm32f1xx_it.o
 .debug_line    0x00002966      0x820 ./Core/Src/system_stm32f1xx.o
 .debug_line    0x00003186       0x78 ./Core/Startup/startup_stm32f103c8tx.o
 .debug_line    0x000031fe      0xa51 ./Drivers/STM32F1xx_HAL_Driver/Src/stm32f1xx_hal.o
 .debug_line    0x00003c4f      0xc1b ./Drivers/STM32F1xx_HAL_Driver/Src/stm32f1xx_hal_cortex.o
 .debug_line    0x0000486a      0xe5b ./Drivers/STM32F1xx_HAL_Driver/Src/stm32f1xx_hal_dma.o
 .debug_line    0x000056c5      0xaae ./Drivers/STM32F1xx_HAL_Driver/Src/stm32f1xx_hal_gpio.o
 .debug_line    0x00006173     0x3c4e ./Drivers/STM32F1xx_HAL_Driver/Src/stm32f1xx_hal_i2c.o
 .debug_line    0x00009dc1      0xf0a ./Drivers/STM32F1xx_HAL_Driver/Src/stm32f1xx_hal_rcc.o
 .debug_line    0x0000accb     0x256d ./Drivers/STM32F1xx_HAL_Driver/Src/stm32f1xx_hal_uart.o
 .debug_line    0x0000d238     0x14bb ./Middlewares/Third_Party/FreeRTOS/Source/CMSIS_RTOS/cmsis_os.o
 .debug_line    0x0000e6f3      0x947 ./Middlewares/Third_Party/FreeRTOS/Source/list.o
 .debug_line    0x0000f03a     0x168b ./Middlewares/Third_Party/FreeRTOS/Source/queue.o
 .debug_line    0x000106c5     0x1a82 ./Middlewares/Third_Party/FreeRTOS/Source/tasks.o
 .debug_line    0x00012147      0x879 ./Middlewares/Third_Party/FreeRTOS/Source/portable/GCC/ARM_CM3/port.o
 .debug_line    0x000129c0      0xb5d ./Middlewares/Third_Party/FreeRTOS/Source/portable/MemMang/heap_4.o

.debug_str      0x00000000    0x8d5b2
 .debug_str     0x00000000    0x8d5b2 ./Core/Src/freertos.o
                              0x82195 (size before relaxing)
 .debug_str     0x0008d5b2    0x8896a ./Core/Src/main.o
 .debug_str     0x0008d5b2    0x7ed4d ./Core/Src/stm32f1xx_hal_msp.o
 .debug_str     0x0008d5b2    0x82531 ./Core/Src/stm32f1xx_it.o
 .debug_str     0x0008d5b2    0x7e340 ./Core/Src/system_stm32f1xx.o
 .debug_str     0x0008d5b2       0x7e ./Core/Startup/startup_stm32f103c8tx.o
 .debug_str     0x0008d5b2    0x7ea73 ./Drivers/STM32F1xx_HAL_Driver/Src/stm32f1xx_hal.o
 .debug_str     0x0008d5b2    0x7e9bf ./Drivers/STM32F1xx_HAL_Driver/Src/stm32f1xx_hal_cortex.o
 .debug_str     0x0008d5b2    0x7e6e9 ./Drivers/STM32F1xx_HAL_Driver/Src/stm32f1xx_hal_dma.o
 .debug_str     0x0008d5b2    0x7e6c6 ./Drivers/STM32F1xx_HAL_Driver/Src/stm32f1xx_hal_gpio.o
 .debug_str     0x0008d5b2    0x7f407 ./Drivers/STM32F1xx_HAL_Driver/Src/stm32f1xx_hal_i2c.o
 .debug_str     0x0008d5b2    0x7e76f ./Drivers/STM32F1xx_HAL_Driver/Src/stm32f1xx_hal_rcc.o
 .debug_str     0x0008d5b2    0x7ede0 ./Drivers/STM32F1xx_HAL_Driver/Src/stm32f1xx_hal_uart.o
 .debug_str     0x0008d5b2     0xe6af ./Middlewares/Third_Party/FreeRTOS/Source/CMSIS_RTOS/cmsis_os.o
 .debug_str     0x0008d5b2     0xabab ./Middlewares/Third_Party/FreeRTOS/Source/list.o
 .debug_str     0x0008d5b2     0xc53e ./Middlewares/Third_Party/FreeRTOS/Source/queue.o
 .debug_str     0x0008d5b2     0xcf16 ./Middlewares/Third_Party/FreeRTOS/Source/tasks.o
 .debug_str     0x0008d5b2     0x8651 ./Middlewares/Third_Party/FreeRTOS/Source/portable/GCC/ARM_CM3/port.o
 .debug_str     0x0008d5b2     0xb4ed ./Middlewares/Third_Party/FreeRTOS/Source/portable/MemMang/heap_4.o

.comment        0x00000000       0x43
 .comment       0x00000000       0x43 ./Core/Src/freertos.o
                                 0x44 (size before relaxing)
 .comment       0x00000043       0x44 ./Core/Src/main.o
 .comment       0x00000043       0x44 ./Core/Src/stm32f1xx_hal_msp.o
 .comment       0x00000043       0x44 ./Core/Src/stm32f1xx_it.o
 .comment       0x00000043       0x44 ./Core/Src/system_stm32f1xx.o
 .comment       0x00000043       0x44 ./Drivers/STM32F1xx_HAL_Driver/Src/stm32f1xx_hal.o
 .comment       0x00000043       0x44 ./Drivers/STM32F1xx_HAL_Driver/Src/stm32f1xx_hal_cortex.o
 .comment       0x00000043       0x44 ./Drivers/STM32F1xx_HAL_Driver/Src/stm32f1xx_hal_dma.o
 .comment       0x00000043       0x44 ./Drivers/STM32F1xx_HAL_Driver/Src/stm32f1xx_hal_gpio.o
 .comment       0x00000043       0x44 ./Drivers/STM32F1xx_HAL_Driver/Src/stm32f1xx_hal_i2c.o
 .comment       0x00000043       0x44 ./Drivers/STM32F1xx_HAL_Driver/Src/stm32f1xx_hal_rcc.o
 .comment       0x00000043       0x44 ./Drivers/STM32F1xx_HAL_Driver/Src/stm32f1xx_hal_uart.o
 .comment       0x00000043       0x44 ./Middlewares/Third_Party/FreeRTOS/Source/CMSIS_RTOS/cmsis_os.o
 .comment       0x00000043       0x44 ./Middlewares/Third_Party/FreeRTOS/Source/list.o
 .comment       0x00000043       0x44 ./Middlewares/Third_Party/FreeRTOS/Source/queue.o
 .comment       0x00000043       0x44 ./Middlewares/Third_Party/FreeRTOS/Source/tasks.o
 .comment       0x00000043       0x44 ./Middlewares/Third_Party/FreeRTOS/Source/portable/GCC/ARM_CM3/port.o
 .comment       0x00000043       0x44 ./Middlewares/Third_Party/FreeRTOS/Source/portable/MemMang/heap_4.o

.debug_frame    0x00000000     0x3ed0
 .debug_frame   0x00000000       0x38 ./Core/Src/freertos.o
 .debug_frame   0x00000038      0x208 ./Core/Src/main.o
 .debug_frame   0x00000240       0xc4 ./Core/Src/stm32f1xx_hal_msp.o
 .debug_frame   0x00000304       0xe0 ./Core/Src/stm32f1xx_it.o
 .debug_frame   0x000003e4       0x58 ./Core/Src/system_stm32f1xx.o
 .debug_frame   0x0000043c      0x334 ./Drivers/STM32F1xx_HAL_Driver/Src/stm32f1xx_hal.o
 .debug_frame   0x00000770      0x428 ./Drivers/STM32F1xx_HAL_Driver/Src/stm32f1xx_hal_cortex.o
 .debug_frame   0x00000b98      0x208 ./Drivers/STM32F1xx_HAL_Driver/Src/stm32f1xx_hal_dma.o
 .debug_frame   0x00000da0      0x14c ./Drivers/STM32F1xx_HAL_Driver/Src/stm32f1xx_hal_gpio.o
 .debug_frame   0x00000eec      0xc84 ./Drivers/STM32F1xx_HAL_Driver/Src/stm32f1xx_hal_i2c.o
 .debug_frame   0x00001b70      0x218 ./Drivers/STM32F1xx_HAL_Driver/Src/stm32f1xx_hal_rcc.o
 .debug_frame   0x00001d88      0x944 ./Drivers/STM32F1xx_HAL_Driver/Src/stm32f1xx_hal_uart.o
 .debug_frame   0x000026cc      0x80c ./Middlewares/Third_Party/FreeRTOS/Source/CMSIS_RTOS/cmsis_os.o
 .debug_frame   0x00002ed8       0xd8 ./Middlewares/Third_Party/FreeRTOS/Source/list.o
 .debug_frame   0x00002fb0      0x46c ./Middlewares/Third_Party/FreeRTOS/Source/queue.o
 .debug_frame   0x0000341c      0x77c ./Middlewares/Third_Party/FreeRTOS/Source/tasks.o
 .debug_frame   0x00003b98      0x198 ./Middlewares/Third_Party/FreeRTOS/Source/portable/GCC/ARM_CM3/port.o
 .debug_frame   0x00003d30      0x12c ./Middlewares/Third_Party/FreeRTOS/Source/portable/MemMang/heap_4.o
 .debug_frame   0x00003e5c       0x20 D:/App/cubeide/data/STM32CubeIDE_1.18.1/STM32CubeIDE/plugins/com.st.stm32cube.ide.mcu.externaltools.gnu-tools-for-stm32.13.3.rel1.win32_1.0.0.202411081344/tools/bin/../lib/gcc/arm-none-eabi/13.3.1/../../../../arm-none-eabi/lib/thumb/v7-m/nofp\libc_nano.a(libc_a-memset.o)
 .debug_frame   0x00003e7c       0x2c D:/App/cubeide/data/STM32CubeIDE_1.18.1/STM32CubeIDE/plugins/com.st.stm32cube.ide.mcu.externaltools.gnu-tools-for-stm32.13.3.rel1.win32_1.0.0.202411081344/tools/bin/../lib/gcc/arm-none-eabi/13.3.1/../../../../arm-none-eabi/lib/thumb/v7-m/nofp\libc_nano.a(libc_a-init.o)
 .debug_frame   0x00003ea8       0x28 D:/App/cubeide/data/STM32CubeIDE_1.18.1/STM32CubeIDE/plugins/com.st.stm32cube.ide.mcu.externaltools.gnu-tools-for-stm32.13.3.rel1.win32_1.0.0.202411081344/tools/bin/../lib/gcc/arm-none-eabi/13.3.1/../../../../arm-none-eabi/lib/thumb/v7-m/nofp\libc_nano.a(libc_a-memcpy-stub.o)

.debug_line_str
                0x00000000       0x62
 .debug_line_str
                0x00000000       0x62 ./Core/Startup/startup_stm32f103c8tx.o
