../Core/Src/main.c:99:9:BMP180_Read16	40	static
../Core/Src/main.c:107:6:BMP180_ReadCalibration	8	static
../Core/Src/main.c:123:10:BMP180_ReadTemperature	48	static
../Core/Src/main.c:145:6:Modbus_CRC16	32	static
../Core/Src/main.c:172:6:HAL_UART_RxCpltCallback	24	static
../Core/Src/main.c:209:6:HAL_UART_TxCpltCallback	16	static
../Core/Src/main.c:214:6:FREERTOS_Init	8	static
../Core/Src/main.c:228:5:main	72	static
../Core/Src/main.c:307:6:SystemClock_Config	72	static
../Core/Src/main.c:344:13:MX_I2C1_Init	8	static
../Core/Src/main.c:378:13:MX_USART1_UART_Init	8	static
../Core/Src/main.c:411:13:MX_GPIO_Init	24	static
../Core/Src/main.c:428:6:SendDataTask	32	static
../Core/Src/main.c:463:6:StartDefaultTask	16	static
../Core/Src/main.c:480:6:Error_Handler	4	static,ignoring_inline_asm
